Archive member included to satisfy reference by file (symbol)

d:/nxpide/mcuxpressoide_11.5.0_7232/ide/plugins/com.nxp.mcuxpresso.tools.win32_11.5.0.202107051138/tools/bin/../lib/gcc/arm-none-eabi/10.3.1/../../../../arm-none-eabi/lib/thumb/v7e-m+dp/hard\libcr_nohost_nf.a(_cr__main.o)
                              ./startup/startup_mimxrt1062.o (__main)
d:/nxpide/mcuxpressoide_11.5.0_7232/ide/plugins/com.nxp.mcuxpresso.tools.win32_11.5.0.202107051138/tools/bin/../lib/gcc/arm-none-eabi/10.3.1/../../../../arm-none-eabi/lib/thumb/v7e-m+dp/hard\libcr_c.a(memcpy.o)
                              ./utilities/fsl_str.o (memcpy)
d:/nxpide/mcuxpressoide_11.5.0_7232/ide/plugins/com.nxp.mcuxpresso.tools.win32_11.5.0.202107051138/tools/bin/../lib/gcc/arm-none-eabi/10.3.1/../../../../arm-none-eabi/lib/thumb/v7e-m+dp/hard\libcr_c.a(memset.o)
                              ./utilities/fsl_debug_console.o (memset)
d:/nxpide/mcuxpressoide_11.5.0_7232/ide/plugins/com.nxp.mcuxpresso.tools.win32_11.5.0.202107051138/tools/bin/../lib/gcc/arm-none-eabi/10.3.1/../../../../arm-none-eabi/lib/thumb/v7e-m+dp/hard\libcr_c.a(alloc.o)
                              ./drivers/fsl_common.o (malloc)
d:/nxpide/mcuxpressoide_11.5.0_7232/ide/plugins/com.nxp.mcuxpresso.tools.win32_11.5.0.202107051138/tools/bin/../lib/gcc/arm-none-eabi/10.3.1/../../../../arm-none-eabi/lib/thumb/v7e-m+dp/hard\libcr_c.a(errno.o)
                              ./utilities/fsl_str.o (errno)
d:/nxpide/mcuxpressoide_11.5.0_7232/ide/plugins/com.nxp.mcuxpresso.tools.win32_11.5.0.202107051138/tools/bin/../lib/gcc/arm-none-eabi/10.3.1/../../../../arm-none-eabi/lib/thumb/v7e-m+dp/hard\libcr_c.a(initio.o)
                              d:/nxpide/mcuxpressoide_11.5.0_7232/ide/plugins/com.nxp.mcuxpresso.tools.win32_11.5.0.202107051138/tools/bin/../lib/gcc/arm-none-eabi/10.3.1/../../../../arm-none-eabi/lib/thumb/v7e-m+dp/hard\libcr_nohost_nf.a(_cr__main.o) (_initio)
d:/nxpide/mcuxpressoide_11.5.0_7232/ide/plugins/com.nxp.mcuxpresso.tools.win32_11.5.0.202107051138/tools/bin/../lib/gcc/arm-none-eabi/10.3.1/../../../../arm-none-eabi/lib/thumb/v7e-m+dp/hard\libcr_c.a(printf.o)
                              ./freertos/freertos_kernel/tasks.o (_sprintf)
d:/nxpide/mcuxpressoide_11.5.0_7232/ide/plugins/com.nxp.mcuxpresso.tools.win32_11.5.0.202107051138/tools/bin/../lib/gcc/arm-none-eabi/10.3.1/../../../../arm-none-eabi/lib/thumb/v7e-m+dp/hard\libcr_c.a(scanf.o)
                              ./utilities/fsl_str.o (strtoul)
d:/nxpide/mcuxpressoide_11.5.0_7232/ide/plugins/com.nxp.mcuxpresso.tools.win32_11.5.0.202107051138/tools/bin/../lib/gcc/arm-none-eabi/10.3.1/../../../../arm-none-eabi/lib/thumb/v7e-m+dp/hard\libcr_c.a(setvbuf.o)
                              d:/nxpide/mcuxpressoide_11.5.0_7232/ide/plugins/com.nxp.mcuxpresso.tools.win32_11.5.0.202107051138/tools/bin/../lib/gcc/arm-none-eabi/10.3.1/../../../../arm-none-eabi/lib/thumb/v7e-m+dp/hard\libcr_c.a(initio.o) (setvbuf)
d:/nxpide/mcuxpressoide_11.5.0_7232/ide/plugins/com.nxp.mcuxpresso.tools.win32_11.5.0.202107051138/tools/bin/../lib/gcc/arm-none-eabi/10.3.1/../../../../arm-none-eabi/lib/thumb/v7e-m+dp/hard\libcr_c.a(strcpy.o)
                              ./freertos/freertos_kernel/tasks.o (strcpy)
d:/nxpide/mcuxpressoide_11.5.0_7232/ide/plugins/com.nxp.mcuxpresso.tools.win32_11.5.0.202107051138/tools/bin/../lib/gcc/arm-none-eabi/10.3.1/../../../../arm-none-eabi/lib/thumb/v7e-m+dp/hard\libcr_c.a(strlen.o)
                              ./utilities/fsl_str.o (strlen)
d:/nxpide/mcuxpressoide_11.5.0_7232/ide/plugins/com.nxp.mcuxpresso.tools.win32_11.5.0.202107051138/tools/bin/../lib/gcc/arm-none-eabi/10.3.1/../../../../arm-none-eabi/lib/thumb/v7e-m+dp/hard\libcr_c.a(ungetc.o)
                              d:/nxpide/mcuxpressoide_11.5.0_7232/ide/plugins/com.nxp.mcuxpresso.tools.win32_11.5.0.202107051138/tools/bin/../lib/gcc/arm-none-eabi/10.3.1/../../../../arm-none-eabi/lib/thumb/v7e-m+dp/hard\libcr_c.a(scanf.o) (ungetc)
d:/nxpide/mcuxpressoide_11.5.0_7232/ide/plugins/com.nxp.mcuxpresso.tools.win32_11.5.0.202107051138/tools/bin/../lib/gcc/arm-none-eabi/10.3.1/../../../../arm-none-eabi/lib/thumb/v7e-m+dp/hard\libcr_c.a(__fillbuf.o)
                              d:/nxpide/mcuxpressoide_11.5.0_7232/ide/plugins/com.nxp.mcuxpresso.tools.win32_11.5.0.202107051138/tools/bin/../lib/gcc/arm-none-eabi/10.3.1/../../../../arm-none-eabi/lib/thumb/v7e-m+dp/hard\libcr_c.a(scanf.o) (__filbuf)
d:/nxpide/mcuxpressoide_11.5.0_7232/ide/plugins/com.nxp.mcuxpresso.tools.win32_11.5.0.202107051138/tools/bin/../lib/gcc/arm-none-eabi/10.3.1/../../../../arm-none-eabi/lib/thumb/v7e-m+dp/hard\libcr_c.a(__init_alloc.o)
                              d:/nxpide/mcuxpressoide_11.5.0_7232/ide/plugins/com.nxp.mcuxpresso.tools.win32_11.5.0.202107051138/tools/bin/../lib/gcc/arm-none-eabi/10.3.1/../../../../arm-none-eabi/lib/thumb/v7e-m+dp/hard\libcr_c.a(alloc.o) (__heaps)
[...]
Memory Configuration

Name             Origin             Length             Attributes
BOARD_FLASH      0x60000000         0x00800000         xr
SRAM_DTC         0x20000000         0x00020000         xrw
SRAM_ITC         0x00000000         0x00020000         xrw
SRAM_OC          0x20200000         0x000c0000         xrw
BOARD_SDRAM      0x80000000         0x01e00000         xrw
NCACHE_REGION    0x81e00000         0x00200000         xrw
*default*        0x00000000         0xffffffff

Linker script and memory map

LOAD ./xip/evkmimxrt1060_flexspi_nor_config.o
LOAD ./xip/fsl_flexspi_nor_boot.o
LOAD ./utilities/fsl_assert.o
LOAD ./utilities/fsl_debug_console.o
LOAD ./utilities/fsl_str.o
LOAD ./usb/phy/usb_phy.o
LOAD ./usb/device/source/ehci/usb_device_ehci.o
LOAD ./usb/device/source/usb_device_ch9.o
LOAD ./usb/device/source/usb_device_dci.o
LOAD ./usb/device/class/video/usb_device_video.o
LOAD ./usb/device/class/usb_device_class.o
LOAD ./startup/startup_mimxrt1062.o
LOAD ./source/semihost_hardfault.o
LOAD ./source/usb_device_descriptor.o
LOAD ./source/video_data.o
LOAD ./source/virtual_camera.o
LOAD ./freertos/freertos_kernel/portable/MemMang/heap_4.o
LOAD ./freertos/freertos_kernel/portable/GCC/ARM_CM4F/port.o
LOAD ./freertos/freertos_kernel/croutine.o
LOAD ./freertos/freertos_kernel/event_groups.o
LOAD ./freertos/freertos_kernel/list.o
LOAD ./freertos/freertos_kernel/queue.o
LOAD ./freertos/freertos_kernel/stream_buffer.o
LOAD ./freertos/freertos_kernel/tasks.o
LOAD ./freertos/freertos_kernel/timers.o
LOAD ./drivers/fsl_cache.o
LOAD ./drivers/fsl_clock.o
LOAD ./drivers/fsl_common.o
LOAD ./drivers/fsl_common_arm.o
LOAD ./drivers/fsl_gpio.o
LOAD ./drivers/fsl_lpuart.o
LOAD ./device/system_MIMXRT1062.o
LOAD ./component/uart/fsl_adapter_lpuart.o
LOAD ./component/serial_manager/fsl_component_serial_manager.o
LOAD ./component/serial_manager/fsl_component_serial_port_uart.o
LOAD ./component/osa/fsl_os_abstraction_free_rtos.o
LOAD ./component/lists/fsl_component_generic_list.o
LOAD ./board/board.o
LOAD ./board/clock_config.o
LOAD ./board/dcd.o
LOAD ./board/pin_mux.o
START GROUP
LOAD d:/nxpide/mcuxpressoide_11.5.0_7232/ide/plugins/com.nxp.mcuxpresso.tools.win32_11.5.0.202107051138/tools/bin/../lib/gcc/arm-none-eabi/10.3.1/../../../../arm-none-eabi/lib/thumb/v7e-m+dp/hard\libcr_nohost_nf.a
LOAD d:/nxpide/mcuxpressoide_11.5.0_7232/ide/plugins/com.nxp.mcuxpresso.tools.win32_11.5.0.202107051138/tools/bin/../lib/gcc/arm-none-eabi/10.3.1/../../../../arm-none-eabi/lib/thumb/v7e-m+dp/hard\libcr_c.a
LOAD d:/nxpide/mcuxpressoide_11.5.0_7232/ide/plugins/com.nxp.mcuxpresso.tools.win32_11.5.0.202107051138/tools/bin/../lib/gcc/arm-none-eabi/10.3.1/thumb/v7e-m+dp/hard\libcr_eabihelpers.a
LOAD d:/nxpide/mcuxpressoide_11.5.0_7232/ide/plugins/com.nxp.mcuxpresso.tools.win32_11.5.0.202107051138/tools/bin/../lib/gcc/arm-none-eabi/10.3.1/thumb/v7e-m+dp/hard\libgcc.a
END GROUP
                0x60000000                __base_BOARD_FLASH = 0x60000000
                0x60000000                __base_Flash = 0x60000000
                0x60800000                __top_BOARD_FLASH = 0x60800000
                0x60800000                __top_Flash = 0x60800000
                0x20000000                __base_SRAM_DTC = 0x20000000
                0x20000000                __base_RAM = 0x20000000
                0x20020000                __top_SRAM_DTC = 0x20020000
                0x20020000                __top_RAM = 0x20020000
                0x00000000                __base_SRAM_ITC = 0x0
                0x00000000                __base_RAM2 = 0x0
                0x00020000                __top_SRAM_ITC = 0x20000
                0x00020000                __top_RAM2 = 0x20000
                0x20200000                __base_SRAM_OC = 0x20200000
                0x20200000                __base_RAM3 = 0x20200000
                0x202c0000                __top_SRAM_OC = 0x202c0000
                0x202c0000                __top_RAM3 = 0x202c0000
                0x80000000                __base_BOARD_SDRAM = 0x80000000
                0x80000000                __base_RAM4 = 0x80000000
                0x81e00000                __top_BOARD_SDRAM = 0x81e00000
                0x81e00000                __top_RAM4 = 0x81e00000
                0x81e00000                __base_NCACHE_REGION = 0x81e00000
                0x81e00000                __base_RAM5 = 0x81e00000
                0x82000000                __top_NCACHE_REGION = 0x82000000
                0x82000000                __top_RAM5 = 0x82000000

.boot_hdr       0x60000000     0x2000
 FILL mask 0xff
                0x60000000                __boot_hdr_start__ = ABSOLUTE (.)
 *(SORT_BY_ALIGNMENT(.boot_hdr.conf))
 .boot_hdr.conf
                0x60000000      0x200 ./xip/evkmimxrt1060_flexspi_nor_config.o
                0x60000000                qspiflash_config
                0x00001000                . = 0x1000
 *fill*         0x60000200      0xe00 ff
 *(SORT_BY_ALIGNMENT(.boot_hdr.ivt))
 .boot_hdr.ivt  0x60001000       0x20 ./xip/fsl_flexspi_nor_boot.o
                0x60001000                image_vector_table
                0x00001020                . = 0x1020
 *(SORT_BY_ALIGNMENT(.boot_hdr.boot_data))
 .boot_hdr.boot_data
                0x60001020       0x10 ./xip/fsl_flexspi_nor_boot.o
                0x60001020                g_boot_data
                0x00001030                . = 0x1030
 *(SORT_BY_ALIGNMENT(.boot_hdr.dcd_data))
                0x60001030                __boot_hdr_end__ = ABSOLUTE (.)
                0x00002000                . = 0x2000
 *fill*         0x60001030      0xfd0 ff

.text           0x60002000     0xc930
 FILL mask 0xff
                0x60002000                __vectors_start__ = ABSOLUTE (.)
 *(SORT_BY_ALIGNMENT(.isr_vector))
 .isr_vector    0x60002000      0x2b8 ./startup/startup_mimxrt1062.o
                0x60002000                g_pfnVectors
                0x60002000                __Vectors
                0x600022b8                . = ALIGN (0x4)
                0x600022b8                __section_table_start = .
                0x600022b8                __data_section_table = .
                0x600022b8        0x4 LONG 0x6000e930 LOADADDR (.data)
                0x600022bc        0x4 LONG 0x20000000 ADDR (.data)
                0x600022c0        0x4 LONG 0x214 SIZEOF (.data)
                0x600022c4        0x4 LONG 0x6000e930 LOADADDR (.data_RAM2)
                0x600022c8        0x4 LONG 0x0 ADDR (.data_RAM2)
                0x600022cc        0x4 LONG 0x0 SIZEOF (.data_RAM2)
                0x600022d0        0x4 LONG 0x6000e930 LOADADDR (.data_RAM3)
                0x600022d4        0x4 LONG 0x20200000 ADDR (.data_RAM3)
                0x600022d8        0x4 LONG 0x0 SIZEOF (.data_RAM3)
                0x600022dc        0x4 LONG 0x6000e930 LOADADDR (.data_RAM4)
                0x600022e0        0x4 LONG 0x80000000 ADDR (.data_RAM4)
                0x600022e4        0x4 LONG 0x0 SIZEOF (.data_RAM4)
                0x600022e8        0x4 LONG 0x6000e930 LOADADDR (.data_RAM5)
                0x600022ec        0x4 LONG 0x81e00000 ADDR (.data_RAM5)
                0x600022f0        0x4 LONG 0x0 SIZEOF (.data_RAM5)
                0x600022f4                __data_section_table_end = .
                0x600022f4                __bss_section_table = .
                0x600022f4        0x4 LONG 0x20000800 ADDR (.bss)
                0x600022f8        0x4 LONG 0x8f90 SIZEOF (.bss)
                0x600022fc        0x4 LONG 0x0 ADDR (.bss_RAM2)
                0x60002300        0x4 LONG 0x0 SIZEOF (.bss_RAM2)
                0x60002304        0x4 LONG 0x20200000 ADDR (.bss_RAM3)
                0x60002308        0x4 LONG 0x25800 SIZEOF (.bss_RAM3)
                0x6000230c        0x4 LONG 0x80000000 ADDR (.bss_RAM4)
                0x60002310        0x4 LONG 0x0 SIZEOF (.bss_RAM4)
                0x60002314        0x4 LONG 0x81e00000 ADDR (.bss_RAM5)
                0x60002318        0x4 LONG 0x0 SIZEOF (.bss_RAM5)
                0x6000231c                __bss_section_table_end = .
                0x6000231c                __section_table_end = .
 *(SORT_BY_ALIGNMENT(.after_vectors*))
 .after_vectors.reset
                0x6000231c       0x54 ./startup/startup_mimxrt1062.o
                0x6000231c                ResetISR
 .after_vectors.init_data
                0x60002370       0x1e ./startup/startup_mimxrt1062.o
                0x60002370                data_init
 .after_vectors.init_bss
                0x6000238e       0x12 ./startup/startup_mimxrt1062.o
                0x6000238e                bss_init
 .after_vectors
                0x600023a0       0x14 ./startup/startup_mimxrt1062.o
                0x600023a0                NMI_Handler
                0x600023a4                MemManage_Handler
                0x600023a6                BusFault_Handler
                0x600023a8                UsageFault_Handler
                0x600023ac                DebugMon_Handler
                0x600023b2                LPSPI2_DriverIRQHandler
                0x600023b2                LCDIF_DriverIRQHandler
                0x600023b2                SAI3_RX_DriverIRQHandler
                0x600023b2                CCM_2_DriverIRQHandler
                0x600023b2                PIT_DriverIRQHandler
                0x600023b2                PMU_EVENT_DriverIRQHandler
                0x600023b2                PWM4_FAULT_DriverIRQHandler
                0x600023b2                DMA13_DMA29_DriverIRQHandler
                0x600023b2                FLEXRAM_DriverIRQHandler
                0x600023b2                LPSPI4_DriverIRQHandler
                0x600023b2                SEMC_DriverIRQHandler
                0x600023b2                SPDIF_DriverIRQHandler
                0x600023b2                PWM4_3_DriverIRQHandler
                0x600023b2                ENET2_DriverIRQHandler
                0x600023b2                KPP_DriverIRQHandler
                0x600023b2                USB_PHY1_DriverIRQHandler
                0x600023b2                GPIO3_Combined_0_15_DriverIRQHandler
                0x600023b2                CAN3_DriverIRQHandler
                0x600023b2                Reserved171_DriverIRQHandler
                0x600023b2                DMA7_DMA23_DriverIRQHandler
                0x600023b2                BEE_DriverIRQHandler
                0x600023b2                LPI2C3_DriverIRQHandler
                0x600023b2                GPR_IRQ_DriverIRQHandler
                0x600023b2                PWM2_FAULT_DriverIRQHandler
                0x600023b2                PWM3_1_DriverIRQHandler
                0x600023b2                DMA14_DMA30_DriverIRQHandler
                0x600023b2                TMR1_DriverIRQHandler
                0x600023b2                TRNG_DriverIRQHandler
                0x600023b2                PWM3_2_DriverIRQHandler
                0x600023b2                ENET_1588_Timer_DriverIRQHandler
                0x600023b2                FLEXIO2_DriverIRQHandler
                0x600023b2                GPIO2_Combined_16_31_DriverIRQHandler
                0x600023b2                Reserved143_DriverIRQHandler
                0x600023b2                FLEXSPI2_DriverIRQHandler
                0x600023b2                PWM4_1_DriverIRQHandler
                0x600023b2                PWM3_3_DriverIRQHandler
                0x600023b2                DMA0_DMA16_DriverIRQHandler
                0x600023b2                IntDefaultHandler
                0x600023b2                DMA2_DMA18_DriverIRQHandler
                0x600023b2                SRC_DriverIRQHandler
                0x600023b2                GPIO1_INT4_DriverIRQHandler
                0x600023b2                Reserved144_DriverIRQHandler
                0x600023b2                USDHC1_DriverIRQHandler
                0x600023b2                ENC3_DriverIRQHandler
                0x600023b2                PWM3_FAULT_DriverIRQHandler
                0x600023b2                Reserved87_DriverIRQHandler
                0x600023b2                TSC_DIG_DriverIRQHandler
                0x600023b2                WDOG1_DriverIRQHandler
                0x600023b2                FLEXIO1_DriverIRQHandler
                0x600023b2                ENET_DriverIRQHandler
                0x600023b2                Reserved78_DriverIRQHandler
                0x600023b2                TMR4_DriverIRQHandler
                0x600023b2                ENC2_DriverIRQHandler
                0x600023b2                ADC_ETC_IRQ2_DriverIRQHandler
                0x600023b2                GPIO1_Combined_16_31_DriverIRQHandler
                0x600023b2                GPIO1_INT7_DriverIRQHandler
                0x600023b2                SAI1_DriverIRQHandler
                0x600023b2                DCDC_DriverIRQHandler
                0x600023b2                DMA12_DMA28_DriverIRQHandler
                0x600023b2                PWM4_0_DriverIRQHandler
                0x600023b2                ADC_ETC_ERROR_IRQ_DriverIRQHandler
                0x600023b2                ACMP2_DriverIRQHandler
                0x600023b2                GPIO5_Combined_0_15_DriverIRQHandler
                0x600023b2                GPIO1_INT0_DriverIRQHandler
                0x600023b2                GPIO1_INT2_DriverIRQHandler
                0x600023b2                RTWDOG_DriverIRQHandler
                0x600023b2                FLEXSPI_DriverIRQHandler
                0x600023b2                GPT2_DriverIRQHandler
                0x600023b2                USB_PHY2_DriverIRQHandler
                0x600023b2                DMA10_DMA26_DriverIRQHandler
                0x600023b2                PWM2_1_DriverIRQHandler
                0x600023b2                PWM1_1_DriverIRQHandler
                0x600023b2                PXP_DriverIRQHandler
                0x600023b2                ADC1_DriverIRQHandler
                0x600023b2                PWM1_0_DriverIRQHandler
                0x600023b2                SJC_DriverIRQHandler
                0x600023b2                DMA1_DMA17_DriverIRQHandler
                0x600023b2                ENC1_DriverIRQHandler
                0x600023b2                ENC4_DriverIRQHandler
                0x600023b2                CAN2_DriverIRQHandler
                0x600023b2                DCP_DriverIRQHandler
                0x600023b2                CTI0_ERROR_DriverIRQHandler
                0x600023b2                DMA8_DMA24_DriverIRQHandler
                0x600023b2                GPT1_DriverIRQHandler
                0x600023b2                ACMP3_DriverIRQHandler
                0x600023b2                DMA6_DMA22_DriverIRQHandler
                0x600023b2                CSU_DriverIRQHandler
                0x600023b2                GPIO1_INT5_DriverIRQHandler
                0x600023b2                TMR3_DriverIRQHandler
                0x600023b2                TMR2_DriverIRQHandler
                0x600023b2                CTI1_ERROR_DriverIRQHandler
                0x600023b2                GPIO1_Combined_0_15_DriverIRQHandler
                0x600023b2                USDHC2_DriverIRQHandler
                0x600023b2                PWM4_2_DriverIRQHandler
                0x600023b2                EWM_DriverIRQHandler
                0x600023b2                SAI2_DriverIRQHandler
                0x600023b2                CORE_DriverIRQHandler
                0x600023b2                DMA11_DMA27_DriverIRQHandler
                0x600023b2                CSI_DriverIRQHandler
                0x600023b2                PWM2_3_DriverIRQHandler
                0x600023b2                XBAR1_IRQ_2_3_DriverIRQHandler
                0x600023b2                SNVS_HP_WRAPPER_TZ_DriverIRQHandler
                0x600023b2                GPIO3_Combined_16_31_DriverIRQHandler
                0x600023b2                PWM1_FAULT_DriverIRQHandler
                0x600023b2                LPI2C1_DriverIRQHandler
                0x600023b2                ENET2_1588_Timer_DriverIRQHandler
                0x600023b2                PWM2_2_DriverIRQHandler
                0x600023b2                DMA4_DMA20_DriverIRQHandler
                0x600023b2                DMA9_DMA25_DriverIRQHandler
                0x600023b2                SNVS_HP_WRAPPER_DriverIRQHandler
                0x600023b2                XBAR1_IRQ_0_1_DriverIRQHandler
                0x600023b2                ADC_ETC_IRQ1_DriverIRQHandler
                0x600023b2                LPSPI1_DriverIRQHandler
                0x600023b2                DMA3_DMA19_DriverIRQHandler
                0x600023b2                GPIO1_INT3_DriverIRQHandler
                0x600023b2                DCP_VMI_DriverIRQHandler
                0x600023b2                LPI2C4_DriverIRQHandler
                0x600023b2                GPC_DriverIRQHandler
                0x600023b2                GPIO2_Combined_0_15_DriverIRQHandler
                0x600023b2                PWM1_2_DriverIRQHandler
                0x600023b2                USB_OTG1_DriverIRQHandler
                0x600023b2                TEMP_LOW_HIGH_DriverIRQHandler
                0x600023b2                SAI3_TX_DriverIRQHandler
                0x600023b2                FLEXIO3_DriverIRQHandler
                0x600023b2                WDOG2_DriverIRQHandler
                0x600023b2                Reserved68_DriverIRQHandler
                0x600023b2                PWM3_0_DriverIRQHandler
                0x600023b2                GPIO4_Combined_0_15_DriverIRQHandler
                0x600023b2                GPIO4_Combined_16_31_DriverIRQHandler
                0x600023b2                GPIO6_7_8_9_DriverIRQHandler
                0x600023b2                GPIO5_Combined_16_31_DriverIRQHandler
                0x600023b2                DMA5_DMA21_DriverIRQHandler
                0x600023b2                CCM_1_DriverIRQHandler
                0x600023b2                ADC2_DriverIRQHandler
                0x600023b2                Reserved115_DriverIRQHandler
                0x600023b2                TEMP_PANIC_DriverIRQHandler
                0x600023b2                ACMP4_DriverIRQHandler
                0x600023b2                DMA15_DMA31_DriverIRQHandler
                0x600023b2                LPSPI3_DriverIRQHandler
                0x600023b2                PWM1_3_DriverIRQHandler
                0x600023b2                ACMP1_DriverIRQHandler
                0x600023b2                LPI2C2_DriverIRQHandler
                0x600023b2                Reserved86_DriverIRQHandler
                0x600023b2                DMA_ERROR_DriverIRQHandler
                0x600023b2                ADC_ETC_IRQ0_DriverIRQHandler
                0x600023b2                CAN1_DriverIRQHandler
                0x600023b2                GPIO1_INT6_DriverIRQHandler
                0x600023b2                GPIO1_INT1_DriverIRQHandler
                0x600023b2                PWM2_0_DriverIRQHandler
                0x600023b2                SNVS_LP_WRAPPER_DriverIRQHandler
                0x600023b2                USB_OTG2_DriverIRQHandler
 *(SORT_BY_ALIGNMENT(.text*))
 *fill*         0x600023b4        0xc ff
 .text.SVC_Handler
                0x600023c0       0x28 ./freertos/freertos_kernel/portable/GCC/ARM_CM4F/port.o
                0x600023c0                SVC_Handler
 *fill*         0x600023e8        0x8 ff
 .text.PendSV_Handler
                0x600023f0       0x68 ./freertos/freertos_kernel/portable/GCC/ARM_CM4F/port.o
                0x600023f0                PendSV_Handler
 .text.__assertion_failed
                0x60002458       0x18 ./utilities/fsl_assert.o
                0x60002458                __assertion_failed
 .text.DbgConsole_SendDataReliable
                0x60002470       0x54 ./utilities/fsl_debug_console.o
                0x60002470                DbgConsole_SendDataReliable
 .text.DbgConsole_Init
                0x600024c4      0x118 ./utilities/fsl_debug_console.o
                0x600024c4                DbgConsole_Init
 .text.DbgConsole_Vprintf
                0x600025dc       0x6c ./utilities/fsl_debug_console.o
                0x600025dc                DbgConsole_Vprintf
 .text.USB_EhciPhyGetBase
                0x60002648       0xdc ./usb/phy/usb_phy.o
                0x60002648                USB_EhciPhyGetBase
 .text.USB_EhciPhyInit
                0x60002724       0xc8 ./usb/phy/usb_phy.o
                0x60002724                USB_EhciPhyInit
 .text.USB_DeviceEhciCancelControlPipe
                0x600027ec      0x194 ./usb/device/source/ehci/usb_device_ehci.o
 .text.USB_DeviceEhciInterruptTokenDone
                0x60002980      0x430 ./usb/device/source/ehci/usb_device_ehci.o
 .text.USB_DeviceEhciTransfer
                0x60002db0      0x3bc ./usb/device/source/ehci/usb_device_ehci.o
 .text.USB_EhciGetValidEhciState
                0x6000316c       0x58 ./usb/device/source/ehci/usb_device_ehci.o
 .text.USB_DeviceEhciInit
                0x600031c4      0x11c ./usb/device/source/ehci/usb_device_ehci.o
                0x600031c4                USB_DeviceEhciInit
 .text.USB_DeviceEhciDeinit
                0x600032e0       0x8c ./usb/device/source/ehci/usb_device_ehci.o
                0x600032e0                USB_DeviceEhciDeinit
 .text.USB_DeviceEhciCancel
                0x6000336c      0x234 ./usb/device/source/ehci/usb_device_ehci.o
                0x6000336c                USB_DeviceEhciCancel
 .text.USB_DeviceEhciControl
                0x600035a0      0x298 ./usb/device/source/ehci/usb_device_ehci.o
                0x600035a0                USB_DeviceEhciControl
 .text.USB_DeviceControlCallback
                0x60003838      0x3e4 ./usb/device/source/usb_device_ch9.o
 .text.USB_DeviceControlPipeInit
                0x60003c1c       0x7c ./usb/device/source/usb_device_ch9.o
                0x60003c1c                USB_DeviceControlPipeInit
 .text.USB_DeviceAllocateHandle
                0x60003c98       0xd8 ./usb/device/source/usb_device_dci.o
 .text.USB_DeviceGetControllerInterface
                0x60003d70       0x3c ./usb/device/source/usb_device_dci.o
 .text.USB_DeviceGetStatus
                0x60003dac       0xcc ./usb/device/source/usb_device_dci.o
                0x60003dac                USB_DeviceGetStatus
 .text.USB_DeviceSetStatus
                0x60003e78      0x118 ./usb/device/source/usb_device_dci.o
                0x60003e78                USB_DeviceSetStatus
 .text.USB_DeviceVideoAllocateHandle
                0x60003f90       0x70 ./usb/device/class/video/usb_device_video.o
 .text.USB_DeviceVideoStreamEndpointsInit
                0x60004000      0x204 ./usb/device/class/video/usb_device_video.o
 .text.USB_DeviceVideoControlEndpointsInit
                0x60004204      0x1d0 ./usb/device/class/video/usb_device_video.o
 .text.USB_DeviceVideoVcCameraTerminalRequest
                0x600043d4       0x88 ./usb/device/class/video/usb_device_video.o
 .text.USB_DeviceVideoVcProcessingUnitRequest
                0x6000445c       0x84 ./usb/device/class/video/usb_device_video.o
 .text.USB_DeviceVideoVcRequest
                0x600044e0       0xe4 ./usb/device/class/video/usb_device_video.o
 .text.USB_DeviceVideoVsProbeRequest
                0x600045c4       0xe0 ./usb/device/class/video/usb_device_video.o
 .text.USB_DeviceVideoVsStillProbeRequest
                0x600046a4       0xd8 ./usb/device/class/video/usb_device_video.o
 .text.USB_DeviceVideoVsRequest
                0x6000477c       0xa0 ./usb/device/class/video/usb_device_video.o
 .text.USB_DeviceVideoEvent
                0x6000481c      0x440 ./usb/device/class/video/usb_device_video.o
                0x6000481c                USB_DeviceVideoEvent
 .text.USB_DeviceVideoDeinit
                0x60004c5c       0x4c ./usb/device/class/video/usb_device_video.o
                0x60004c5c                USB_DeviceVideoDeinit
 .text.USB_DeviceClassAllocateHandle
                0x60004ca8       0xcc ./usb/device/class/usb_device_class.o
 .text.USB_DeviceClassFreeHandle
                0x60004d74       0x94 ./usb/device/class/usb_device_class.o
 .text.USB_DeviceClassGetHandleByDeviceHandle
                0x60004e08       0x68 ./usb/device/class/usb_device_class.o
 .text.USB_DeviceClassGetDeviceHandle
                0x60004e70       0x7c ./usb/device/class/usb_device_class.o
                0x60004e70                USB_DeviceClassGetDeviceHandle
 .text.USB_DeviceClassEvent
                0x60004eec       0xdc ./usb/device/class/usb_device_class.o
                0x60004eec                USB_DeviceClassEvent
 .text.USB_DeviceClassInit
                0x60004fc8      0x118 ./usb/device/class/usb_device_class.o
                0x60004fc8                USB_DeviceClassInit
 .text.USB_DeviceGetDeviceDescriptor
                0x600050e0       0x28 ./source/usb_device_descriptor.o
                0x600050e0                USB_DeviceGetDeviceDescriptor
 .text.USB_DeviceGetConfigurationDescriptor
                0x60005108       0x34 ./source/usb_device_descriptor.o
                0x60005108                USB_DeviceGetConfigurationDescriptor
 .text.USB_DeviceGetStringDescriptor
                0x6000513c       0xc0 ./source/usb_device_descriptor.o
                0x6000513c                USB_DeviceGetStringDescriptor
 .text.USB_DeviceSetSpeed
                0x600051fc      0x10c ./source/usb_device_descriptor.o
                0x600051fc                USB_DeviceSetSpeed
 .text.__NVIC_EnableIRQ
                0x60005308       0x3c ./source/virtual_camera.o
 .text.__NVIC_SetPriority
                0x60005344       0x54 ./source/virtual_camera.o
 .text.USB_OTG1_IRQHandler
                0x60005398       0x18 ./source/virtual_camera.o
                0x60005398                USB_OTG1_IRQHandler
 .text.USB_OTG2_IRQHandler
                0x600053b0       0x18 ./source/virtual_camera.o
                0x600053b0                USB_OTG2_IRQHandler
 .text.USB_DeviceClockInit
                0x600053c8       0x48 ./source/virtual_camera.o
                0x600053c8                USB_DeviceClockInit
 .text.USB_DeviceVideoPrepareVideoData
                0x60005410      0x19c ./source/virtual_camera.o
 .text.USB_DeviceVideoRequest
                0x600055ac      0x5c8 ./source/virtual_camera.o
 .text.USB_DeviceVideoCallback
                0x60005b74       0xa4 ./source/virtual_camera.o
 .text.USB_DeviceVideoApplicationSetDefault
                0x60005c18      0x390 ./source/virtual_camera.o
 .text.USB_DeviceCallback
                0x60005fa8      0x364 ./source/virtual_camera.o
 .text.USB_DeviceApplicationInit
                0x6000630c       0x64 ./source/virtual_camera.o
 .text.main     0x60006370       0x5c ./source/virtual_camera.o
                0x60006370                main
 .text.pvPortMalloc
                0x600063cc      0x1c0 ./freertos/freertos_kernel/portable/MemMang/heap_4.o
                0x600063cc                pvPortMalloc
 .text.vPortFree
                0x6000658c       0xc4 ./freertos/freertos_kernel/portable/MemMang/heap_4.o
                0x6000658c                vPortFree
 .text.prvHeapInit
                0x60006650       0xc4 ./freertos/freertos_kernel/portable/MemMang/heap_4.o
 .text.prvInsertBlockIntoFreeList
                0x60006714       0xb4 ./freertos/freertos_kernel/portable/MemMang/heap_4.o
 .text.pxPortInitialiseStack
                0x600067c8       0x68 ./freertos/freertos_kernel/portable/GCC/ARM_CM4F/port.o
                0x600067c8                pxPortInitialiseStack
 .text.prvTaskExitError
                0x60006830       0x58 ./freertos/freertos_kernel/portable/GCC/ARM_CM4F/port.o
 .text.prvPortStartFirstTask
                0x60006888       0x2c ./freertos/freertos_kernel/portable/GCC/ARM_CM4F/port.o
 .text.xPortStartScheduler
                0x600068b4      0x144 ./freertos/freertos_kernel/portable/GCC/ARM_CM4F/port.o
                0x600068b4                xPortStartScheduler
 .text.vPortEnterCritical
                0x600069f8       0x60 ./freertos/freertos_kernel/portable/GCC/ARM_CM4F/port.o
                0x600069f8                vPortEnterCritical
 .text.vPortExitCritical
                0x60006a58       0x54 ./freertos/freertos_kernel/portable/GCC/ARM_CM4F/port.o
                0x60006a58                vPortExitCritical
 .text.SysTick_Handler
                0x60006aac       0x44 ./freertos/freertos_kernel/portable/GCC/ARM_CM4F/port.o
                0x60006aac                SysTick_Handler
 .text.vPortSetupTimerInterrupt
                0x60006af0       0x48 ./freertos/freertos_kernel/portable/GCC/ARM_CM4F/port.o
                0x60006af0                vPortSetupTimerInterrupt
 .text.vPortEnableVFP
                0x60006b38       0x18 ./freertos/freertos_kernel/portable/GCC/ARM_CM4F/port.o
 .text.vPortValidateInterruptPriority
                0x60006b50       0x80 ./freertos/freertos_kernel/portable/GCC/ARM_CM4F/port.o
                0x60006b50                vPortValidateInterruptPriority
 .text.xQueueGenericReset
                0x60006bd0       0xd0 ./freertos/freertos_kernel/queue.o
                0x60006bd0                xQueueGenericReset
 .text.xQueueGenericSend
                0x60006ca0      0x1fc ./freertos/freertos_kernel/queue.o
                0x60006ca0                xQueueGenericSend
 .text.xQueueReceive
                0x60006e9c      0x1c0 ./freertos/freertos_kernel/queue.o
                0x60006e9c                xQueueReceive
 .text.vQueueAddToRegistry
                0x6000705c       0x54 ./freertos/freertos_kernel/queue.o
                0x6000705c                vQueueAddToRegistry
 .text.prvAddNewTaskToReadyList
                0x600070b0       0xdc ./freertos/freertos_kernel/tasks.o
 .text.vTaskStartScheduler
                0x6000718c       0xa4 ./freertos/freertos_kernel/tasks.o
                0x6000718c                vTaskStartScheduler
 .text.vTaskSuspendAll
                0x60007230       0x1c ./freertos/freertos_kernel/tasks.o
                0x60007230                vTaskSuspendAll
 .text.xTaskResumeAll
                0x6000724c      0x138 ./freertos/freertos_kernel/tasks.o
                0x6000724c                xTaskResumeAll
 .text.xTaskGetTickCount
                0x60007384       0x20 ./freertos/freertos_kernel/tasks.o
                0x60007384                xTaskGetTickCount
 .text.xTaskIncrementTick
                0x600073a4      0x170 ./freertos/freertos_kernel/tasks.o
                0x600073a4                xTaskIncrementTick
 .text.vTaskSwitchContext
                0x60007514       0xb8 ./freertos/freertos_kernel/tasks.o
                0x60007514                vTaskSwitchContext
 .text.vTaskPlaceOnEventList
                0x600075cc       0x48 ./freertos/freertos_kernel/tasks.o
                0x600075cc                vTaskPlaceOnEventList
 .text.vTaskPlaceOnEventListRestricted
                0x60007614       0x58 ./freertos/freertos_kernel/tasks.o
                0x60007614                vTaskPlaceOnEventListRestricted
 .text.xTaskRemoveFromEventList
                0x6000766c       0xc4 ./freertos/freertos_kernel/tasks.o
                0x6000766c                xTaskRemoveFromEventList
 .text.vTaskInternalSetTimeOutState
                0x60007730       0x2c ./freertos/freertos_kernel/tasks.o
                0x60007730                vTaskInternalSetTimeOutState
 .text.xTaskCheckForTimeOut
                0x6000775c       0xcc ./freertos/freertos_kernel/tasks.o
                0x6000775c                xTaskCheckForTimeOut
 .text.vTaskMissedYield
                0x60007828       0x18 ./freertos/freertos_kernel/tasks.o
                0x60007828                vTaskMissedYield
 .text.prvIdleTask
                0x60007840       0x30 ./freertos/freertos_kernel/tasks.o
 .text.prvInitialiseTaskLists
                0x60007870       0x80 ./freertos/freertos_kernel/tasks.o
 .text.prvCheckTasksWaitingTermination
                0x600078f0       0x5c ./freertos/freertos_kernel/tasks.o
 .text.prvResetNextTaskUnblockTime
                0x6000794c       0x38 ./freertos/freertos_kernel/tasks.o
 .text.xTaskGetSchedulerState
                0x60007984       0x3c ./freertos/freertos_kernel/tasks.o
                0x60007984                xTaskGetSchedulerState
 .text.xTaskPriorityDisinherit
                0x600079c0       0xf4 ./freertos/freertos_kernel/tasks.o
                0x600079c0                xTaskPriorityDisinherit
 .text.prvAddCurrentTaskToDelayedList
                0x60007ab4       0xcc ./freertos/freertos_kernel/tasks.o
 .text.xTimerCreateTimerTask
                0x60007b80       0x64 ./freertos/freertos_kernel/timers.o
                0x60007b80                xTimerCreateTimerTask
 .text.xTimerGenericCommand
                0x60007be4       0x9c ./freertos/freertos_kernel/timers.o
                0x60007be4                xTimerGenericCommand
 .text.prvProcessExpiredTimer
                0x60007c80       0x98 ./freertos/freertos_kernel/timers.o
 .text.prvProcessTimerOrBlockTask
                0x60007d18       0x9c ./freertos/freertos_kernel/timers.o
 .text.prvGetNextExpireTime
                0x60007db4       0x48 ./freertos/freertos_kernel/timers.o
 .text.prvSampleTimeNow
                0x60007dfc       0x40 ./freertos/freertos_kernel/timers.o
 .text.prvInsertTimerInActiveList
                0x60007e3c       0x84 ./freertos/freertos_kernel/timers.o
 .text.prvProcessReceivedCommands
                0x60007ec0      0x1c4 ./freertos/freertos_kernel/timers.o
 .text.prvSwitchTimerLists
                0x60008084       0xc8 ./freertos/freertos_kernel/timers.o
 .text.prvCheckForValidListAndQueue
                0x6000814c       0x6c ./freertos/freertos_kernel/timers.o
 .text.CLOCK_GetOscFreq
                0x600081b8       0x30 ./drivers/fsl_clock.o
 .text.CLOCK_InitExternalClk
                0x600081e8       0x6c ./drivers/fsl_clock.o
                0x600081e8                CLOCK_InitExternalClk
 .text.CLOCK_SwitchOsc
                0x60008254       0x34 ./drivers/fsl_clock.o
                0x60008254                CLOCK_SwitchOsc
 .text.CLOCK_InitRcOsc24M
                0x60008288       0x24 ./drivers/fsl_clock.o
                0x60008288                CLOCK_InitRcOsc24M
 .text.CLOCK_EnableUsbhs0Clock
                0x600082ac       0x7c ./drivers/fsl_clock.o
                0x600082ac                CLOCK_EnableUsbhs0Clock
 .text.CLOCK_EnableUsbhs0PhyPllClock
                0x60008328       0x6c ./drivers/fsl_clock.o
                0x60008328                CLOCK_EnableUsbhs0PhyPllClock
 .text.CLOCK_InitArmPll
                0x60008394       0x68 ./drivers/fsl_clock.o
                0x60008394                CLOCK_InitArmPll
 .text.CLOCK_InitSysPll
                0x600083fc       0x9c ./drivers/fsl_clock.o
                0x600083fc                CLOCK_InitSysPll
 .text.CLOCK_InitUsb1Pll
                0x60008498       0x68 ./drivers/fsl_clock.o
                0x60008498                CLOCK_InitUsb1Pll
 .text.CLOCK_DeinitUsb2Pll
                0x60008500       0x18 ./drivers/fsl_clock.o
                0x60008500                CLOCK_DeinitUsb2Pll
 .text.CLOCK_DeinitAudioPll
                0x60008518       0x1c ./drivers/fsl_clock.o
                0x60008518                CLOCK_DeinitAudioPll
 .text.CLOCK_DeinitEnetPll
                0x60008534       0x1c ./drivers/fsl_clock.o
                0x60008534                CLOCK_DeinitEnetPll
 .text.CLOCK_GetPllFreq
                0x60008550      0x3d8 ./drivers/fsl_clock.o
                0x60008550                CLOCK_GetPllFreq
 .text.CLOCK_InitSysPfd
                0x60008928       0x64 ./drivers/fsl_clock.o
                0x60008928                CLOCK_InitSysPfd
 .text.SDK_DelayAtLeastUs
                0x6000898c       0x94 ./drivers/fsl_common_arm.o
                0x6000898c                SDK_DelayAtLeastUs
 .text.CLOCK_ControlGate
                0x60008a20       0x60 ./drivers/fsl_lpuart.o
 .text.LPUART_GetInstance
                0x60008a80       0x4c ./drivers/fsl_lpuart.o
                0x60008a80                LPUART_GetInstance
 .text.LPUART_Init
                0x60008acc      0x310 ./drivers/fsl_lpuart.o
                0x60008acc                LPUART_Init
 .text.LPUART_GetDefaultConfig
                0x60008ddc       0x88 ./drivers/fsl_lpuart.o
                0x60008ddc                LPUART_GetDefaultConfig
 .text.LPUART_WriteBlocking
                0x60008e64       0x68 ./drivers/fsl_lpuart.o
                0x60008e64                LPUART_WriteBlocking
 .text.LPUART1_DriverIRQHandler
                0x60008ecc       0x28 ./drivers/fsl_lpuart.o
                0x60008ecc                LPUART1_DriverIRQHandler
 .text.LPUART2_DriverIRQHandler
                0x60008ef4       0x28 ./drivers/fsl_lpuart.o
                0x60008ef4                LPUART2_DriverIRQHandler
 .text.LPUART3_DriverIRQHandler
                0x60008f1c       0x28 ./drivers/fsl_lpuart.o
                0x60008f1c                LPUART3_DriverIRQHandler
 .text.LPUART4_DriverIRQHandler
                0x60008f44       0x28 ./drivers/fsl_lpuart.o
                0x60008f44                LPUART4_DriverIRQHandler
 .text.LPUART5_DriverIRQHandler
                0x60008f6c       0x28 ./drivers/fsl_lpuart.o
                0x60008f6c                LPUART5_DriverIRQHandler
 .text.LPUART6_DriverIRQHandler
                0x60008f94       0x28 ./drivers/fsl_lpuart.o
                0x60008f94                LPUART6_DriverIRQHandler
 .text.LPUART7_DriverIRQHandler
                0x60008fbc       0x28 ./drivers/fsl_lpuart.o
                0x60008fbc                LPUART7_DriverIRQHandler
 .text.LPUART8_DriverIRQHandler
                0x60008fe4       0x28 ./drivers/fsl_lpuart.o
                0x60008fe4                LPUART8_DriverIRQHandler
 .text.SystemInit
                0x6000900c      0x144 ./device/system_MIMXRT1062.o
                0x6000900c                SystemInit
 .text.HAL_UartInitCommon
                0x60009150       0xac ./component/uart/fsl_adapter_lpuart.o
 .text.HAL_UartInit
                0x600091fc       0x84 ./component/uart/fsl_adapter_lpuart.o
                0x600091fc                HAL_UartInit
 .text.HAL_UartSendBlocking
                0x60009280       0x64 ./component/uart/fsl_adapter_lpuart.o
                0x60009280                HAL_UartSendBlocking
 .text.ARM_MPU_Enable
                0x600092e4       0x40 ./board/board.o
 .text.ARM_MPU_Disable
                0x60009324       0x34 ./board/board.o
 .text.CLOCK_GetMux
                0x60009358       0x44 ./board/board.o
 .text.CLOCK_GetDiv
                0x6000939c       0x44 ./board/board.o
 .text.CLOCK_GetOscFreq
                0x600093e0       0x30 ./board/board.o
 .text.BOARD_DebugConsoleSrcFreq
                0x60009410       0x64 ./board/board.o
                0x60009410                BOARD_DebugConsoleSrcFreq
 .text.BOARD_ConfigMPU
                0x60009474      0x34c ./board/board.o
                0x60009474                BOARD_ConfigMPU
 .text.CLOCK_SetMux
                0x600097c0       0x9c ./board/clock_config.o
 .text.CLOCK_SetDiv
                0x6000985c       0x9c ./board/clock_config.o
 .text.CLOCK_ControlGate
                0x600098f8       0x60 ./board/clock_config.o
 .text.CLOCK_SetXtalFreq
                0x60009958       0x20 ./board/clock_config.o
 .text.CLOCK_SetRtcXtalFreq
                0x60009978       0x20 ./board/clock_config.o
 .text.IOMUXC_MQSConfig
                0x60009998       0x44 ./board/clock_config.o
 .text.BOARD_BootClockRUN
                0x600099dc      0x6d0 ./board/clock_config.o
                0x600099dc                BOARD_BootClockRUN
 .text.CLOCK_ControlGate
                0x6000a0ac       0x60 ./board/pin_mux.o
 .text.BOARD_InitPins
                0x6000a10c       0x78 ./board/pin_mux.o
                0x6000a10c                BOARD_InitPins
 .text._initio  0x6000a184       0x78 d:/nxpide/mcuxpressoide_11.5.0_7232/ide/plugins/com.nxp.mcuxpresso.tools.win32_11.5.0.202107051138/tools/bin/../lib/gcc/arm-none-eabi/10.3.1/../../../../arm-none-eabi/lib/thumb/v7e-m+dp/hard\libcr_c.a(initio.o)
                0x6000a184                _initio
 .text._Cwritebuf
                0x6000a1fc       0x6c d:/nxpide/mcuxpressoide_11.5.0_7232/ide/plugins/com.nxp.mcuxpresso.tools.win32_11.5.0.202107051138/tools/bin/../lib/gcc/arm-none-eabi/10.3.1/../../../../arm-none-eabi/lib/thumb/v7e-m+dp/hard\libcr_c.a(_writebuf.o)
                0x6000a1fc                _Cwritebuf
 .text.fflush   0x6000a268       0x3c d:/nxpide/mcuxpressoide_11.5.0_7232/ide/plugins/com.nxp.mcuxpresso.tools.win32_11.5.0.202107051138/tools/bin/../lib/gcc/arm-none-eabi/10.3.1/../../../../arm-none-eabi/lib/thumb/v7e-m+dp/hard\libcr_c.a(fflush.o)
                0x6000a268                fflush
 .text.fseek    0x6000a2a4       0xfc d:/nxpide/mcuxpressoide_11.5.0_7232/ide/plugins/com.nxp.mcuxpresso.tools.win32_11.5.0.202107051138/tools/bin/../lib/gcc/arm-none-eabi/10.3.1/../../../../arm-none-eabi/lib/thumb/v7e-m+dp/hard\libcr_c.a(fseek.o)
                0x6000a2a4                fseek
 .text.ftell    0x6000a3a0       0x44 d:/nxpide/mcuxpressoide_11.5.0_7232/ide/plugins/com.nxp.mcuxpresso.tools.win32_11.5.0.202107051138/tools/bin/../lib/gcc/arm-none-eabi/10.3.1/../../../../arm-none-eabi/lib/thumb/v7e-m+dp/hard\libcr_c.a(ftell.o)
                0x6000a3a0                ftell
 .text.DbgConsole_PrintCallback
                0x6000a3e4       0x66 ./utilities/fsl_debug_console.o
 .text.DbgConsole_Printf
                0x6000a44a       0x2c ./utilities/fsl_debug_console.o
                0x6000a44a                DbgConsole_Printf
 .text.PrintGetWidth
                0x6000a476       0x6a ./utilities/fsl_str.o
 .text.PrintGetPrecision
                0x6000a4e0       0x8c ./utilities/fsl_str.o
 .text.PrintIsobpu
                0x6000a56c       0x38 ./utilities/fsl_str.o
 .text.PrintIsdi
                0x6000a5a4       0x2c ./utilities/fsl_str.o
 .text.PrintOutputdifFobpu
                0x6000a5d0       0x44 ./utilities/fsl_str.o
 .text.PrintOutputxX
                0x6000a614       0x44 ./utilities/fsl_str.o
 .text.PrintIsfF
                0x6000a658       0x2c ./utilities/fsl_str.o
 .text.PrintIsxX
                0x6000a684       0x2c ./utilities/fsl_str.o
 .text.PrintFilterLengthFlag
                0x6000a6b0       0x3e ./utilities/fsl_str.o
 .text.PrintGetRadixFromobpu
                0x6000a6ee       0x40 ./utilities/fsl_str.o
 .text.ConvertRadixNumToString
                0x6000a72e       0xc2 ./utilities/fsl_str.o
 .text.StrFormatPrintf
                0x6000a7f0      0x2ac ./utilities/fsl_str.o
                0x6000a7f0                StrFormatPrintf
 .text.USB_DeviceEhciSetDefaultState
                0x6000aa9c      0x132 ./usb/device/source/ehci/usb_device_ehci.o
 .text.USB_DeviceEhciEndpointInit
                0x6000abce      0x204 ./usb/device/source/ehci/usb_device_ehci.o
 .text.USB_DeviceEhciEndpointDeinit
                0x6000add2       0xf6 ./usb/device/source/ehci/usb_device_ehci.o
 .text.USB_DeviceEhciEndpointStall
                0x6000aec8       0x8a ./usb/device/source/ehci/usb_device_ehci.o
 .text.USB_DeviceEhciEndpointUnstall
                0x6000af52       0xba ./usb/device/source/ehci/usb_device_ehci.o
 .text.USB_DeviceEhciFillSetupBuffer
                0x6000b00c       0xa6 ./usb/device/source/ehci/usb_device_ehci.o
 .text.USB_DeviceEhciInterruptPortChange
                0x6000b0b2       0x74 ./usb/device/source/ehci/usb_device_ehci.o
 .text.USB_DeviceEhciInterruptReset
                0x6000b126       0x92 ./usb/device/source/ehci/usb_device_ehci.o
 .text.USB_DeviceEhciInterruptSof
                0x6000b1b8       0x14 ./usb/device/source/ehci/usb_device_ehci.o
 .text.USB_DeviceEhciSend
                0x6000b1cc       0x32 ./usb/device/source/ehci/usb_device_ehci.o
                0x6000b1cc                USB_DeviceEhciSend
 .text.USB_DeviceEhciRecv
                0x6000b1fe       0x2c ./usb/device/source/ehci/usb_device_ehci.o
                0x6000b1fe                USB_DeviceEhciRecv
 .text.USB_DeviceEhciIsrFunction
                0x6000b22a       0x84 ./usb/device/source/ehci/usb_device_ehci.o
                0x6000b22a                USB_DeviceEhciIsrFunction
 .text.USB_DeviceCh9GetStatus
                0x6000b2ae      0x10a ./usb/device/source/usb_device_ch9.o
 .text.USB_DeviceCh9SetClearFeature
                0x6000b3b8      0x10c ./usb/device/source/usb_device_ch9.o
 .text.USB_DeviceCh9SetAddress
                0x6000b4c4       0xca ./usb/device/source/usb_device_ch9.o
 .text.USB_DeviceCh9GetDescriptor
                0x6000b58e      0x132 ./usb/device/source/usb_device_ch9.o
 .text.USB_DeviceCh9GetConfiguration
                0x6000b6c0       0x8e ./usb/device/source/usb_device_ch9.o
 .text.USB_DeviceCh9SetConfiguration
                0x6000b74e       0xb6 ./usb/device/source/usb_device_ch9.o
 .text.USB_DeviceCh9GetInterface
                0x6000b804       0x9c ./usb/device/source/usb_device_ch9.o
 .text.USB_DeviceCh9SetInterface
                0x6000b8a0       0x90 ./usb/device/source/usb_device_ch9.o
 .text.USB_DeviceCh9SynchFrame
                0x6000b930       0x90 ./usb/device/source/usb_device_ch9.o
 .text.USB_DeviceControlCallbackFeedback
                0x6000b9c0       0x96 ./usb/device/source/usb_device_ch9.o
 .text.USB_DeviceFreeHandle
                0x6000ba56       0x36 ./usb/device/source/usb_device_dci.o
 .text.USB_DeviceTransfer
                0x6000ba8c      0x10e ./usb/device/source/usb_device_dci.o
 .text.USB_DeviceControl
                0x6000bb9a       0x48 ./usb/device/source/usb_device_dci.o
 .text.USB_DeviceResetNotification
                0x6000bbe2       0x98 ./usb/device/source/usb_device_dci.o
 .text.USB_DeviceNotification
                0x6000bc7a      0x102 ./usb/device/source/usb_device_dci.o
 .text.USB_DeviceNotificationTrigger
                0x6000bd7c       0x40 ./usb/device/source/usb_device_dci.o
                0x6000bd7c                USB_DeviceNotificationTrigger
 .text.USB_DeviceInit
                0x6000bdbc      0x16a ./usb/device/source/usb_device_dci.o
                0x6000bdbc                USB_DeviceInit
 .text.USB_DeviceRun
                0x6000bf26       0x1c ./usb/device/source/usb_device_dci.o
                0x6000bf26                USB_DeviceRun
 .text.USB_DeviceDeinit
                0x6000bf42       0x42 ./usb/device/source/usb_device_dci.o
                0x6000bf42                USB_DeviceDeinit
 .text.USB_DeviceSendRequest
                0x6000bf84       0x32 ./usb/device/source/usb_device_dci.o
                0x6000bf84                USB_DeviceSendRequest
 .text.USB_DeviceRecvRequest
                0x6000bfb6       0x2c ./usb/device/source/usb_device_dci.o
                0x6000bfb6                USB_DeviceRecvRequest
 .text.USB_DeviceInitEndpoint
                0x6000bfe2       0xbe ./usb/device/source/usb_device_dci.o
                0x6000bfe2                USB_DeviceInitEndpoint
 .text.USB_DeviceDeinitEndpoint
                0x6000c0a0       0xac ./usb/device/source/usb_device_dci.o
                0x6000c0a0                USB_DeviceDeinitEndpoint
 .text.USB_DeviceStallEndpoint
                0x6000c14c       0x30 ./usb/device/source/usb_device_dci.o
                0x6000c14c                USB_DeviceStallEndpoint
 .text.USB_DeviceUnstallEndpoint
                0x6000c17c       0x30 ./usb/device/source/usb_device_dci.o
                0x6000c17c                USB_DeviceUnstallEndpoint
 .text.USB_DeviceVideoFreeHandle
                0x6000c1ac       0x46 ./usb/device/class/video/usb_device_video.o
 .text.USB_DeviceVideoControlIn
                0x6000c1f2       0x4c ./usb/device/class/video/usb_device_video.o
 .text.USB_DeviceVideoStreamIn
                0x6000c23e       0x52 ./usb/device/class/video/usb_device_video.o
 .text.USB_DeviceVideoStreamOut
                0x6000c290       0x52 ./usb/device/class/video/usb_device_video.o
 .text.USB_DeviceVideoStreamEndpointsDeinit
                0x6000c2e2       0x64 ./usb/device/class/video/usb_device_video.o
 .text.USB_DeviceVideoControlEndpointsDeinit
                0x6000c346       0x64 ./usb/device/class/video/usb_device_video.o
 .text.USB_DeviceVideoVcPowerModeControl
                0x6000c3aa       0x8a ./usb/device/class/video/usb_device_video.o
 .text.USB_DeviceVideoVcInterfaceRequest
                0x6000c434       0x36 ./usb/device/class/video/usb_device_video.o
 .text.USB_DeviceVideoVsCommitRequest
                0x6000c46a       0xa2 ./usb/device/class/video/usb_device_video.o
 .text.USB_DeviceVideoVsStillCommitRequest
                0x6000c50c       0xa2 ./usb/device/class/video/usb_device_video.o
 .text.USB_DeviceVideoVsStillImageTriggerRequest
                0x6000c5ae       0x8a ./usb/device/class/video/usb_device_video.o
 .text.USB_DeviceVideoInit
                0x6000c638       0x76 ./usb/device/class/video/usb_device_video.o
                0x6000c638                USB_DeviceVideoInit
 .text.USB_DeviceVideoSend
                0x6000c6ae       0x58 ./usb/device/class/video/usb_device_video.o
                0x6000c6ae                USB_DeviceVideoSend
 .text.USB_DeviceClassCallback
                0x6000c706       0x5e ./usb/device/class/usb_device_class.o
                0x6000c706                USB_DeviceClassCallback
 .text.DMA0_DMA16_IRQHandler
                0x6000c764        0x8 ./startup/startup_mimxrt1062.o
                0x6000c764                DMA0_DMA16_IRQHandler
 .text.DMA1_DMA17_IRQHandler
                0x6000c76c        0x8 ./startup/startup_mimxrt1062.o
                0x6000c76c                DMA1_DMA17_IRQHandler
 .text.DMA2_DMA18_IRQHandler
                0x6000c774        0x8 ./startup/startup_mimxrt1062.o
                0x6000c774                DMA2_DMA18_IRQHandler
 .text.DMA3_DMA19_IRQHandler
                0x6000c77c        0x8 ./startup/startup_mimxrt1062.o
                0x6000c77c                DMA3_DMA19_IRQHandler
 .text.DMA4_DMA20_IRQHandler
                0x6000c784        0x8 ./startup/startup_mimxrt1062.o
                0x6000c784                DMA4_DMA20_IRQHandler
 .text.DMA5_DMA21_IRQHandler
                0x6000c78c        0x8 ./startup/startup_mimxrt1062.o
                0x6000c78c                DMA5_DMA21_IRQHandler
 .text.DMA6_DMA22_IRQHandler
                0x6000c794        0x8 ./startup/startup_mimxrt1062.o
                0x6000c794                DMA6_DMA22_IRQHandler
 .text.DMA7_DMA23_IRQHandler
                0x6000c79c        0x8 ./startup/startup_mimxrt1062.o
                0x6000c79c                DMA7_DMA23_IRQHandler
 .text.DMA8_DMA24_IRQHandler
                0x6000c7a4        0x8 ./startup/startup_mimxrt1062.o
                0x6000c7a4                DMA8_DMA24_IRQHandler
 .text.DMA9_DMA25_IRQHandler
                0x6000c7ac        0x8 ./startup/startup_mimxrt1062.o
                0x6000c7ac                DMA9_DMA25_IRQHandler
 .text.DMA10_DMA26_IRQHandler
                0x6000c7b4        0x8 ./startup/startup_mimxrt1062.o
                0x6000c7b4                DMA10_DMA26_IRQHandler
 .text.DMA11_DMA27_IRQHandler
                0x6000c7bc        0x8 ./startup/startup_mimxrt1062.o
                0x6000c7bc                DMA11_DMA27_IRQHandler
 .text.DMA12_DMA28_IRQHandler
                0x6000c7c4        0x8 ./startup/startup_mimxrt1062.o
                0x6000c7c4                DMA12_DMA28_IRQHandler
 .text.DMA13_DMA29_IRQHandler
                0x6000c7cc        0x8 ./startup/startup_mimxrt1062.o
                0x6000c7cc                DMA13_DMA29_IRQHandler
 .text.DMA14_DMA30_IRQHandler
                0x6000c7d4        0x8 ./startup/startup_mimxrt1062.o
                0x6000c7d4                DMA14_DMA30_IRQHandler
 .text.DMA15_DMA31_IRQHandler
                0x6000c7dc        0x8 ./startup/startup_mimxrt1062.o
                0x6000c7dc                DMA15_DMA31_IRQHandler
 .text.DMA_ERROR_IRQHandler
                0x6000c7e4        0x8 ./startup/startup_mimxrt1062.o
                0x6000c7e4                DMA_ERROR_IRQHandler
 .text.CTI0_ERROR_IRQHandler
                0x6000c7ec        0x8 ./startup/startup_mimxrt1062.o
                0x6000c7ec                CTI0_ERROR_IRQHandler
 .text.CTI1_ERROR_IRQHandler
                0x6000c7f4        0x8 ./startup/startup_mimxrt1062.o
                0x6000c7f4                CTI1_ERROR_IRQHandler
 .text.CORE_IRQHandler
                0x6000c7fc        0x8 ./startup/startup_mimxrt1062.o
                0x6000c7fc                CORE_IRQHandler
 .text.LPUART1_IRQHandler
                0x6000c804        0x8 ./startup/startup_mimxrt1062.o
                0x6000c804                LPUART1_IRQHandler
 .text.LPUART2_IRQHandler
                0x6000c80c        0x8 ./startup/startup_mimxrt1062.o
                0x6000c80c                LPUART2_IRQHandler
 .text.LPUART3_IRQHandler
                0x6000c814        0x8 ./startup/startup_mimxrt1062.o
                0x6000c814                LPUART3_IRQHandler
 .text.LPUART4_IRQHandler
                0x6000c81c        0x8 ./startup/startup_mimxrt1062.o
                0x6000c81c                LPUART4_IRQHandler
 .text.LPUART5_IRQHandler
                0x6000c824        0x8 ./startup/startup_mimxrt1062.o
                0x6000c824                LPUART5_IRQHandler
 .text.LPUART6_IRQHandler
                0x6000c82c        0x8 ./startup/startup_mimxrt1062.o
                0x6000c82c                LPUART6_IRQHandler
 .text.LPUART7_IRQHandler
                0x6000c834        0x8 ./startup/startup_mimxrt1062.o
                0x6000c834                LPUART7_IRQHandler
 .text.LPUART8_IRQHandler
                0x6000c83c        0x8 ./startup/startup_mimxrt1062.o
                0x6000c83c                LPUART8_IRQHandler
 .text.LPI2C1_IRQHandler
                0x6000c844        0x8 ./startup/startup_mimxrt1062.o
                0x6000c844                LPI2C1_IRQHandler
 .text.LPI2C2_IRQHandler
                0x6000c84c        0x8 ./startup/startup_mimxrt1062.o
                0x6000c84c                LPI2C2_IRQHandler
 .text.LPI2C3_IRQHandler
                0x6000c854        0x8 ./startup/startup_mimxrt1062.o
                0x6000c854                LPI2C3_IRQHandler
 .text.LPI2C4_IRQHandler
                0x6000c85c        0x8 ./startup/startup_mimxrt1062.o
                0x6000c85c                LPI2C4_IRQHandler
 .text.LPSPI1_IRQHandler
                0x6000c864        0x8 ./startup/startup_mimxrt1062.o
                0x6000c864                LPSPI1_IRQHandler
 .text.LPSPI2_IRQHandler
                0x6000c86c        0x8 ./startup/startup_mimxrt1062.o
                0x6000c86c                LPSPI2_IRQHandler
 .text.LPSPI3_IRQHandler
                0x6000c874        0x8 ./startup/startup_mimxrt1062.o
                0x6000c874                LPSPI3_IRQHandler
 .text.LPSPI4_IRQHandler
                0x6000c87c        0x8 ./startup/startup_mimxrt1062.o
                0x6000c87c                LPSPI4_IRQHandler
 .text.CAN1_IRQHandler
                0x6000c884        0x8 ./startup/startup_mimxrt1062.o
                0x6000c884                CAN1_IRQHandler
 .text.CAN2_IRQHandler
                0x6000c88c        0x8 ./startup/startup_mimxrt1062.o
                0x6000c88c                CAN2_IRQHandler
 .text.FLEXRAM_IRQHandler
                0x6000c894        0x8 ./startup/startup_mimxrt1062.o
                0x6000c894                FLEXRAM_IRQHandler
 .text.KPP_IRQHandler
                0x6000c89c        0x8 ./startup/startup_mimxrt1062.o
                0x6000c89c                KPP_IRQHandler
 .text.TSC_DIG_IRQHandler
                0x6000c8a4        0x8 ./startup/startup_mimxrt1062.o
                0x6000c8a4                TSC_DIG_IRQHandler
 .text.GPR_IRQ_IRQHandler
                0x6000c8ac        0x8 ./startup/startup_mimxrt1062.o
                0x6000c8ac                GPR_IRQ_IRQHandler
 .text.LCDIF_IRQHandler
                0x6000c8b4        0x8 ./startup/startup_mimxrt1062.o
                0x6000c8b4                LCDIF_IRQHandler
 .text.CSI_IRQHandler
                0x6000c8bc        0x8 ./startup/startup_mimxrt1062.o
                0x6000c8bc                CSI_IRQHandler
 .text.PXP_IRQHandler
                0x6000c8c4        0x8 ./startup/startup_mimxrt1062.o
                0x6000c8c4                PXP_IRQHandler
 .text.WDOG2_IRQHandler
                0x6000c8cc        0x8 ./startup/startup_mimxrt1062.o
                0x6000c8cc                WDOG2_IRQHandler
 .text.SNVS_HP_WRAPPER_IRQHandler
                0x6000c8d4        0x8 ./startup/startup_mimxrt1062.o
                0x6000c8d4                SNVS_HP_WRAPPER_IRQHandler
 .text.SNVS_HP_WRAPPER_TZ_IRQHandler
                0x6000c8dc        0x8 ./startup/startup_mimxrt1062.o
                0x6000c8dc                SNVS_HP_WRAPPER_TZ_IRQHandler
 .text.SNVS_LP_WRAPPER_IRQHandler
                0x6000c8e4        0x8 ./startup/startup_mimxrt1062.o
                0x6000c8e4                SNVS_LP_WRAPPER_IRQHandler
 .text.CSU_IRQHandler
                0x6000c8ec        0x8 ./startup/startup_mimxrt1062.o
                0x6000c8ec                CSU_IRQHandler
 .text.DCP_IRQHandler
                0x6000c8f4        0x8 ./startup/startup_mimxrt1062.o
                0x6000c8f4                DCP_IRQHandler
 .text.DCP_VMI_IRQHandler
                0x6000c8fc        0x8 ./startup/startup_mimxrt1062.o
                0x6000c8fc                DCP_VMI_IRQHandler
 .text.Reserved68_IRQHandler
                0x6000c904        0x8 ./startup/startup_mimxrt1062.o
                0x6000c904                Reserved68_IRQHandler
 .text.TRNG_IRQHandler
                0x6000c90c        0x8 ./startup/startup_mimxrt1062.o
                0x6000c90c                TRNG_IRQHandler
 .text.SJC_IRQHandler
                0x6000c914        0x8 ./startup/startup_mimxrt1062.o
                0x6000c914                SJC_IRQHandler
 .text.BEE_IRQHandler
                0x6000c91c        0x8 ./startup/startup_mimxrt1062.o
                0x6000c91c                BEE_IRQHandler
 .text.SAI1_IRQHandler
                0x6000c924        0x8 ./startup/startup_mimxrt1062.o
                0x6000c924                SAI1_IRQHandler
 .text.SAI2_IRQHandler
                0x6000c92c        0x8 ./startup/startup_mimxrt1062.o
                0x6000c92c                SAI2_IRQHandler
 .text.SAI3_RX_IRQHandler
                0x6000c934        0x8 ./startup/startup_mimxrt1062.o
                0x6000c934                SAI3_RX_IRQHandler
 .text.SAI3_TX_IRQHandler
                0x6000c93c        0x8 ./startup/startup_mimxrt1062.o
                0x6000c93c                SAI3_TX_IRQHandler
 .text.SPDIF_IRQHandler
                0x6000c944        0x8 ./startup/startup_mimxrt1062.o
                0x6000c944                SPDIF_IRQHandler
 .text.PMU_EVENT_IRQHandler
                0x6000c94c        0x8 ./startup/startup_mimxrt1062.o
                0x6000c94c                PMU_EVENT_IRQHandler
 .text.Reserved78_IRQHandler
                0x6000c954        0x8 ./startup/startup_mimxrt1062.o
                0x6000c954                Reserved78_IRQHandler
 .text.TEMP_LOW_HIGH_IRQHandler
                0x6000c95c        0x8 ./startup/startup_mimxrt1062.o
                0x6000c95c                TEMP_LOW_HIGH_IRQHandler
 .text.TEMP_PANIC_IRQHandler
                0x6000c964        0x8 ./startup/startup_mimxrt1062.o
                0x6000c964                TEMP_PANIC_IRQHandler
 .text.USB_PHY1_IRQHandler
                0x6000c96c        0x8 ./startup/startup_mimxrt1062.o
                0x6000c96c                USB_PHY1_IRQHandler
 .text.USB_PHY2_IRQHandler
                0x6000c974        0x8 ./startup/startup_mimxrt1062.o
                0x6000c974                USB_PHY2_IRQHandler
 .text.ADC1_IRQHandler
                0x6000c97c        0x8 ./startup/startup_mimxrt1062.o
                0x6000c97c                ADC1_IRQHandler
 .text.ADC2_IRQHandler
                0x6000c984        0x8 ./startup/startup_mimxrt1062.o
                0x6000c984                ADC2_IRQHandler
 .text.DCDC_IRQHandler
                0x6000c98c        0x8 ./startup/startup_mimxrt1062.o
                0x6000c98c                DCDC_IRQHandler
 .text.Reserved86_IRQHandler
                0x6000c994        0x8 ./startup/startup_mimxrt1062.o
                0x6000c994                Reserved86_IRQHandler
 .text.Reserved87_IRQHandler
                0x6000c99c        0x8 ./startup/startup_mimxrt1062.o
                0x6000c99c                Reserved87_IRQHandler
 .text.GPIO1_INT0_IRQHandler
                0x6000c9a4        0x8 ./startup/startup_mimxrt1062.o
                0x6000c9a4                GPIO1_INT0_IRQHandler
 .text.GPIO1_INT1_IRQHandler
                0x6000c9ac        0x8 ./startup/startup_mimxrt1062.o
                0x6000c9ac                GPIO1_INT1_IRQHandler
 .text.GPIO1_INT2_IRQHandler
                0x6000c9b4        0x8 ./startup/startup_mimxrt1062.o
                0x6000c9b4                GPIO1_INT2_IRQHandler
 .text.GPIO1_INT3_IRQHandler
                0x6000c9bc        0x8 ./startup/startup_mimxrt1062.o
                0x6000c9bc                GPIO1_INT3_IRQHandler
 .text.GPIO1_INT4_IRQHandler
                0x6000c9c4        0x8 ./startup/startup_mimxrt1062.o
                0x6000c9c4                GPIO1_INT4_IRQHandler
 .text.GPIO1_INT5_IRQHandler
                0x6000c9cc        0x8 ./startup/startup_mimxrt1062.o
                0x6000c9cc                GPIO1_INT5_IRQHandler
 .text.GPIO1_INT6_IRQHandler
                0x6000c9d4        0x8 ./startup/startup_mimxrt1062.o
                0x6000c9d4                GPIO1_INT6_IRQHandler
 .text.GPIO1_INT7_IRQHandler
                0x6000c9dc        0x8 ./startup/startup_mimxrt1062.o
                0x6000c9dc                GPIO1_INT7_IRQHandler
 .text.GPIO1_Combined_0_15_IRQHandler
                0x6000c9e4        0x8 ./startup/startup_mimxrt1062.o
                0x6000c9e4                GPIO1_Combined_0_15_IRQHandler
 .text.GPIO1_Combined_16_31_IRQHandler
                0x6000c9ec        0x8 ./startup/startup_mimxrt1062.o
                0x6000c9ec                GPIO1_Combined_16_31_IRQHandler
 .text.GPIO2_Combined_0_15_IRQHandler
                0x6000c9f4        0x8 ./startup/startup_mimxrt1062.o
                0x6000c9f4                GPIO2_Combined_0_15_IRQHandler
 .text.GPIO2_Combined_16_31_IRQHandler
                0x6000c9fc        0x8 ./startup/startup_mimxrt1062.o
                0x6000c9fc                GPIO2_Combined_16_31_IRQHandler
 .text.GPIO3_Combined_0_15_IRQHandler
                0x6000ca04        0x8 ./startup/startup_mimxrt1062.o
                0x6000ca04                GPIO3_Combined_0_15_IRQHandler
 .text.GPIO3_Combined_16_31_IRQHandler
                0x6000ca0c        0x8 ./startup/startup_mimxrt1062.o
                0x6000ca0c                GPIO3_Combined_16_31_IRQHandler
 .text.GPIO4_Combined_0_15_IRQHandler
                0x6000ca14        0x8 ./startup/startup_mimxrt1062.o
                0x6000ca14                GPIO4_Combined_0_15_IRQHandler
 .text.GPIO4_Combined_16_31_IRQHandler
                0x6000ca1c        0x8 ./startup/startup_mimxrt1062.o
                0x6000ca1c                GPIO4_Combined_16_31_IRQHandler
 .text.GPIO5_Combined_0_15_IRQHandler
                0x6000ca24        0x8 ./startup/startup_mimxrt1062.o
                0x6000ca24                GPIO5_Combined_0_15_IRQHandler
 .text.GPIO5_Combined_16_31_IRQHandler
                0x6000ca2c        0x8 ./startup/startup_mimxrt1062.o
                0x6000ca2c                GPIO5_Combined_16_31_IRQHandler
 .text.FLEXIO1_IRQHandler
                0x6000ca34        0x8 ./startup/startup_mimxrt1062.o
                0x6000ca34                FLEXIO1_IRQHandler
 .text.FLEXIO2_IRQHandler
                0x6000ca3c        0x8 ./startup/startup_mimxrt1062.o
                0x6000ca3c                FLEXIO2_IRQHandler
 .text.WDOG1_IRQHandler
                0x6000ca44        0x8 ./startup/startup_mimxrt1062.o
                0x6000ca44                WDOG1_IRQHandler
 .text.RTWDOG_IRQHandler
                0x6000ca4c        0x8 ./startup/startup_mimxrt1062.o
                0x6000ca4c                RTWDOG_IRQHandler
 .text.EWM_IRQHandler
                0x6000ca54        0x8 ./startup/startup_mimxrt1062.o
                0x6000ca54                EWM_IRQHandler
 .text.CCM_1_IRQHandler
                0x6000ca5c        0x8 ./startup/startup_mimxrt1062.o
                0x6000ca5c                CCM_1_IRQHandler
 .text.CCM_2_IRQHandler
                0x6000ca64        0x8 ./startup/startup_mimxrt1062.o
                0x6000ca64                CCM_2_IRQHandler
 .text.GPC_IRQHandler
                0x6000ca6c        0x8 ./startup/startup_mimxrt1062.o
                0x6000ca6c                GPC_IRQHandler
 .text.SRC_IRQHandler
                0x6000ca74        0x8 ./startup/startup_mimxrt1062.o
                0x6000ca74                SRC_IRQHandler
 .text.Reserved115_IRQHandler
                0x6000ca7c        0x8 ./startup/startup_mimxrt1062.o
                0x6000ca7c                Reserved115_IRQHandler
 .text.GPT1_IRQHandler
                0x6000ca84        0x8 ./startup/startup_mimxrt1062.o
                0x6000ca84                GPT1_IRQHandler
 .text.GPT2_IRQHandler
                0x6000ca8c        0x8 ./startup/startup_mimxrt1062.o
                0x6000ca8c                GPT2_IRQHandler
 .text.PWM1_0_IRQHandler
                0x6000ca94        0x8 ./startup/startup_mimxrt1062.o
                0x6000ca94                PWM1_0_IRQHandler
 .text.PWM1_1_IRQHandler
                0x6000ca9c        0x8 ./startup/startup_mimxrt1062.o
                0x6000ca9c                PWM1_1_IRQHandler
 .text.PWM1_2_IRQHandler
                0x6000caa4        0x8 ./startup/startup_mimxrt1062.o
                0x6000caa4                PWM1_2_IRQHandler
 .text.PWM1_3_IRQHandler
                0x6000caac        0x8 ./startup/startup_mimxrt1062.o
                0x6000caac                PWM1_3_IRQHandler
 .text.PWM1_FAULT_IRQHandler
                0x6000cab4        0x8 ./startup/startup_mimxrt1062.o
                0x6000cab4                PWM1_FAULT_IRQHandler
 .text.FLEXSPI2_IRQHandler
                0x6000cabc        0x8 ./startup/startup_mimxrt1062.o
                0x6000cabc                FLEXSPI2_IRQHandler
 .text.FLEXSPI_IRQHandler
                0x6000cac4        0x8 ./startup/startup_mimxrt1062.o
                0x6000cac4                FLEXSPI_IRQHandler
 .text.SEMC_IRQHandler
                0x6000cacc        0x8 ./startup/startup_mimxrt1062.o
                0x6000cacc                SEMC_IRQHandler
 .text.USDHC1_IRQHandler
                0x6000cad4        0x8 ./startup/startup_mimxrt1062.o
                0x6000cad4                USDHC1_IRQHandler
 .text.USDHC2_IRQHandler
                0x6000cadc        0x8 ./startup/startup_mimxrt1062.o
                0x6000cadc                USDHC2_IRQHandler
 .text.ENET_IRQHandler
                0x6000cae4        0x8 ./startup/startup_mimxrt1062.o
                0x6000cae4                ENET_IRQHandler
 .text.ENET_1588_Timer_IRQHandler
                0x6000caec        0x8 ./startup/startup_mimxrt1062.o
                0x6000caec                ENET_1588_Timer_IRQHandler
 .text.XBAR1_IRQ_0_1_IRQHandler
                0x6000caf4        0x8 ./startup/startup_mimxrt1062.o
                0x6000caf4                XBAR1_IRQ_0_1_IRQHandler
 .text.XBAR1_IRQ_2_3_IRQHandler
                0x6000cafc        0x8 ./startup/startup_mimxrt1062.o
                0x6000cafc                XBAR1_IRQ_2_3_IRQHandler
 .text.ADC_ETC_IRQ0_IRQHandler
                0x6000cb04        0x8 ./startup/startup_mimxrt1062.o
                0x6000cb04                ADC_ETC_IRQ0_IRQHandler
 .text.ADC_ETC_IRQ1_IRQHandler
                0x6000cb0c        0x8 ./startup/startup_mimxrt1062.o
                0x6000cb0c                ADC_ETC_IRQ1_IRQHandler
 .text.ADC_ETC_IRQ2_IRQHandler
                0x6000cb14        0x8 ./startup/startup_mimxrt1062.o
                0x6000cb14                ADC_ETC_IRQ2_IRQHandler
 .text.ADC_ETC_ERROR_IRQ_IRQHandler
                0x6000cb1c        0x8 ./startup/startup_mimxrt1062.o
                0x6000cb1c                ADC_ETC_ERROR_IRQ_IRQHandler
 .text.PIT_IRQHandler
                0x6000cb24        0x8 ./startup/startup_mimxrt1062.o
                0x6000cb24                PIT_IRQHandler
 .text.ACMP1_IRQHandler
                0x6000cb2c        0x8 ./startup/startup_mimxrt1062.o
                0x6000cb2c                ACMP1_IRQHandler
 .text.ACMP2_IRQHandler
                0x6000cb34        0x8 ./startup/startup_mimxrt1062.o
                0x6000cb34                ACMP2_IRQHandler
 .text.ACMP3_IRQHandler
                0x6000cb3c        0x8 ./startup/startup_mimxrt1062.o
                0x6000cb3c                ACMP3_IRQHandler
 .text.ACMP4_IRQHandler
                0x6000cb44        0x8 ./startup/startup_mimxrt1062.o
                0x6000cb44                ACMP4_IRQHandler
 .text.Reserved143_IRQHandler
                0x6000cb4c        0x8 ./startup/startup_mimxrt1062.o
                0x6000cb4c                Reserved143_IRQHandler
 .text.Reserved144_IRQHandler
                0x6000cb54        0x8 ./startup/startup_mimxrt1062.o
                0x6000cb54                Reserved144_IRQHandler
 .text.ENC1_IRQHandler
                0x6000cb5c        0x8 ./startup/startup_mimxrt1062.o
                0x6000cb5c                ENC1_IRQHandler
 .text.ENC2_IRQHandler
                0x6000cb64        0x8 ./startup/startup_mimxrt1062.o
                0x6000cb64                ENC2_IRQHandler
 .text.ENC3_IRQHandler
                0x6000cb6c        0x8 ./startup/startup_mimxrt1062.o
                0x6000cb6c                ENC3_IRQHandler
 .text.ENC4_IRQHandler
                0x6000cb74        0x8 ./startup/startup_mimxrt1062.o
                0x6000cb74                ENC4_IRQHandler
 .text.TMR1_IRQHandler
                0x6000cb7c        0x8 ./startup/startup_mimxrt1062.o
                0x6000cb7c                TMR1_IRQHandler
 .text.TMR2_IRQHandler
                0x6000cb84        0x8 ./startup/startup_mimxrt1062.o
                0x6000cb84                TMR2_IRQHandler
 .text.TMR3_IRQHandler
                0x6000cb8c        0x8 ./startup/startup_mimxrt1062.o
                0x6000cb8c                TMR3_IRQHandler
 .text.TMR4_IRQHandler
                0x6000cb94        0x8 ./startup/startup_mimxrt1062.o
                0x6000cb94                TMR4_IRQHandler
 .text.PWM2_0_IRQHandler
                0x6000cb9c        0x8 ./startup/startup_mimxrt1062.o
                0x6000cb9c                PWM2_0_IRQHandler
 .text.PWM2_1_IRQHandler
                0x6000cba4        0x8 ./startup/startup_mimxrt1062.o
                0x6000cba4                PWM2_1_IRQHandler
 .text.PWM2_2_IRQHandler
                0x6000cbac        0x8 ./startup/startup_mimxrt1062.o
                0x6000cbac                PWM2_2_IRQHandler
 .text.PWM2_3_IRQHandler
                0x6000cbb4        0x8 ./startup/startup_mimxrt1062.o
                0x6000cbb4                PWM2_3_IRQHandler
 .text.PWM2_FAULT_IRQHandler
                0x6000cbbc        0x8 ./startup/startup_mimxrt1062.o
                0x6000cbbc                PWM2_FAULT_IRQHandler
 .text.PWM3_0_IRQHandler
                0x6000cbc4        0x8 ./startup/startup_mimxrt1062.o
                0x6000cbc4                PWM3_0_IRQHandler
 .text.PWM3_1_IRQHandler
                0x6000cbcc        0x8 ./startup/startup_mimxrt1062.o
                0x6000cbcc                PWM3_1_IRQHandler
 .text.PWM3_2_IRQHandler
                0x6000cbd4        0x8 ./startup/startup_mimxrt1062.o
                0x6000cbd4                PWM3_2_IRQHandler
 .text.PWM3_3_IRQHandler
                0x6000cbdc        0x8 ./startup/startup_mimxrt1062.o
                0x6000cbdc                PWM3_3_IRQHandler
 .text.PWM3_FAULT_IRQHandler
                0x6000cbe4        0x8 ./startup/startup_mimxrt1062.o
                0x6000cbe4                PWM3_FAULT_IRQHandler
 .text.PWM4_0_IRQHandler
                0x6000cbec        0x8 ./startup/startup_mimxrt1062.o
                0x6000cbec                PWM4_0_IRQHandler
 .text.PWM4_1_IRQHandler
                0x6000cbf4        0x8 ./startup/startup_mimxrt1062.o
                0x6000cbf4                PWM4_1_IRQHandler
 .text.PWM4_2_IRQHandler
                0x6000cbfc        0x8 ./startup/startup_mimxrt1062.o
                0x6000cbfc                PWM4_2_IRQHandler
 .text.PWM4_3_IRQHandler
                0x6000cc04        0x8 ./startup/startup_mimxrt1062.o
                0x6000cc04                PWM4_3_IRQHandler
 .text.PWM4_FAULT_IRQHandler
                0x6000cc0c        0x8 ./startup/startup_mimxrt1062.o
                0x6000cc0c                PWM4_FAULT_IRQHandler
 .text.ENET2_IRQHandler
                0x6000cc14        0x8 ./startup/startup_mimxrt1062.o
                0x6000cc14                ENET2_IRQHandler
 .text.ENET2_1588_Timer_IRQHandler
                0x6000cc1c        0x8 ./startup/startup_mimxrt1062.o
                0x6000cc1c                ENET2_1588_Timer_IRQHandler
 .text.CAN3_IRQHandler
                0x6000cc24        0x8 ./startup/startup_mimxrt1062.o
                0x6000cc24                CAN3_IRQHandler
 .text.Reserved171_IRQHandler
                0x6000cc2c        0x8 ./startup/startup_mimxrt1062.o
                0x6000cc2c                Reserved171_IRQHandler
 .text.FLEXIO3_IRQHandler
                0x6000cc34        0x8 ./startup/startup_mimxrt1062.o
                0x6000cc34                FLEXIO3_IRQHandler
 .text.GPIO6_7_8_9_IRQHandler
                0x6000cc3c        0x8 ./startup/startup_mimxrt1062.o
                0x6000cc3c                GPIO6_7_8_9_IRQHandler
 .text.HardFault_Handler
                0x6000cc44       0x2c ./source/semihost_hardfault.o
                0x6000cc44                HardFault_Handler
 .text.EnableIRQ
                0x6000cc70       0x32 ./source/virtual_camera.o
 .text.USB_DeviceIsrEnable
                0x6000cca2       0x2e ./source/virtual_camera.o
                0x6000cca2                USB_DeviceIsrEnable
 .text.APP_task
                0x6000ccd0        0xe ./source/virtual_camera.o
                0x6000ccd0                APP_task
 .text.vListInitialise
                0x6000ccde       0x40 ./freertos/freertos_kernel/list.o
                0x6000ccde                vListInitialise
 .text.vListInitialiseItem
                0x6000cd1e       0x1a ./freertos/freertos_kernel/list.o
                0x6000cd1e                vListInitialiseItem
 .text.vListInsertEnd
                0x6000cd38       0x48 ./freertos/freertos_kernel/list.o
                0x6000cd38                vListInsertEnd
 .text.vListInsert
                0x6000cd80       0x72 ./freertos/freertos_kernel/list.o
                0x6000cd80                vListInsert
 .text.uxListRemove
                0x6000cdf2       0x54 ./freertos/freertos_kernel/list.o
                0x6000cdf2                uxListRemove
 .text.xQueueGenericCreate
                0x6000ce46       0xbe ./freertos/freertos_kernel/queue.o
                0x6000ce46                xQueueGenericCreate
 .text.prvInitialiseNewQueue
                0x6000cf04       0x46 ./freertos/freertos_kernel/queue.o
 .text.xQueueGenericSendFromISR
                0x6000cf4a      0x154 ./freertos/freertos_kernel/queue.o
                0x6000cf4a                xQueueGenericSendFromISR
 .text.prvCopyDataToQueue
                0x6000d09e       0xd4 ./freertos/freertos_kernel/queue.o
 .text.prvCopyDataFromQueue
                0x6000d172       0x4c ./freertos/freertos_kernel/queue.o
 .text.prvUnlockQueue
                0x6000d1be       0xa4 ./freertos/freertos_kernel/queue.o
 .text.prvIsQueueEmpty
                0x6000d262       0x2c ./freertos/freertos_kernel/queue.o
 .text.prvIsQueueFull
                0x6000d28e       0x30 ./freertos/freertos_kernel/queue.o
 .text.vQueueWaitForMessageRestricted
                0x6000d2be       0x68 ./freertos/freertos_kernel/queue.o
                0x6000d2be                vQueueWaitForMessageRestricted
 .text.xTaskCreate
                0x6000d326       0x82 ./freertos/freertos_kernel/tasks.o
                0x6000d326                xTaskCreate
 .text.prvInitialiseNewTask
                0x6000d3a8      0x13a ./freertos/freertos_kernel/tasks.o
 .text.prvDeleteTCB
                0x6000d4e2       0x20 ./freertos/freertos_kernel/tasks.o
 .text.prvTimerTask
                0x6000d502       0x24 ./freertos/freertos_kernel/timers.o
 .text.CLOCK_IsPllBypassed
                0x6000d526       0x32 ./drivers/fsl_clock.o
 .text.CLOCK_IsPllEnabled
                0x6000d558       0x3c ./drivers/fsl_clock.o
 .text.CLOCK_GetPllBypassRefClk
                0x6000d594       0x34 ./drivers/fsl_clock.o
 .text.DelayLoop
                0x6000d5c8       0x20 ./drivers/fsl_common_arm.o
 .text._SDK_AtomicLocalClearAndSet4Byte
                0x6000d5e8       0x50 ./drivers/fsl_lpuart.o
 .text.CLOCK_EnableClock
                0x6000d638       0x1e ./drivers/fsl_lpuart.o
 .text.LPUART_SoftwareReset
                0x6000d656       0x2c ./drivers/fsl_lpuart.o
 .text.SystemInitHook
                0x6000d682        0xe ./device/system_MIMXRT1062.o
                0x6000d682                SystemInitHook
 .text.HAL_UartGetStatus
                0x6000d690       0x28 ./component/uart/fsl_adapter_lpuart.o
 .text.DisableGlobalIRQ
                0x6000d6b8       0x22 ./component/serial_manager/fsl_component_serial_manager.o
 .text.EnableGlobalIRQ
                0x6000d6da       0x20 ./component/serial_manager/fsl_component_serial_manager.o
 .text.SerialManager_StartWriting
                0x6000d6fa       0x38 ./component/serial_manager/fsl_component_serial_manager.o
 .text.SerialManager_Write
                0x6000d732       0x44 ./component/serial_manager/fsl_component_serial_manager.o
 .text.SerialManager_Init
                0x6000d776       0x60 ./component/serial_manager/fsl_component_serial_manager.o
                0x6000d776                SerialManager_Init
 .text.SerialManager_OpenWriteHandle
                0x6000d7d6       0x50 ./component/serial_manager/fsl_component_serial_manager.o
                0x6000d7d6                SerialManager_OpenWriteHandle
 .text.SerialManager_OpenReadHandle
                0x6000d826       0x60 ./component/serial_manager/fsl_component_serial_manager.o
                0x6000d826                SerialManager_OpenReadHandle
 .text.SerialManager_WriteBlocking
                0x6000d886       0x20 ./component/serial_manager/fsl_component_serial_manager.o
                0x6000d886                SerialManager_WriteBlocking
 .text.Serial_UartInit
                0x6000d8a6       0x3e ./component/serial_manager/fsl_component_serial_port_uart.o
                0x6000d8a6                Serial_UartInit
 .text.Serial_UartWrite
                0x6000d8e4       0x38 ./component/serial_manager/fsl_component_serial_port_uart.o
                0x6000d8e4                Serial_UartWrite
 .text.OSA_EnterCritical
                0x6000d91c       0x40 ./component/osa/fsl_os_abstraction_free_rtos.o
                0x6000d91c                OSA_EnterCritical
 .text.OSA_ExitCritical
                0x6000d95c       0x2e ./component/osa/fsl_os_abstraction_free_rtos.o
                0x6000d95c                OSA_ExitCritical
 .text.BOARD_InitDebugConsole
                0x6000d98a       0x22 ./board/board.o
                0x6000d98a                BOARD_InitDebugConsole
 .text._SDK_AtomicLocalClearAndSet4Byte
                0x6000d9ac       0x50 ./board/clock_config.o
 .text.CLOCK_DisableClock
                0x6000d9fc       0x1e ./board/clock_config.o
 .text.CLOCK_SetPllBypass
                0x6000da1a       0x4e ./board/clock_config.o
 .text.IOMUXC_SetSaiMClkClockSource
                0x6000da68       0x6c ./board/clock_config.o
 .text.BOARD_InitBootClocks
                0x6000dad4        0xc ./board/clock_config.o
                0x6000dad4                BOARD_InitBootClocks
 .text._SDK_AtomicLocalClearAndSet4Byte
                0x6000dae0       0x50 ./board/pin_mux.o
 .text.CLOCK_EnableClock
                0x6000db30       0x1e ./board/pin_mux.o
 .text.IOMUXC_SetPinMux
                0x6000db4e       0x3a ./board/pin_mux.o
 .text.IOMUXC_SetPinConfig
                0x6000db88       0x26 ./board/pin_mux.o
 .text.BOARD_InitBootPins
                0x6000dbae        0xc ./board/pin_mux.o
                0x6000dbae                BOARD_InitBootPins
 .text.__main   0x6000dbba        0xe d:/nxpide/mcuxpressoide_11.5.0_7232/ide/plugins/com.nxp.mcuxpresso.tools.win32_11.5.0.202107051138/tools/bin/../lib/gcc/arm-none-eabi/10.3.1/../../../../arm-none-eabi/lib/thumb/v7e-m+dp/hard\libcr_nohost_nf.a(_cr__main.o)
                0x6000dbba                __main
 .text.memcpy   0x6000dbc8        0x4 d:/nxpide/mcuxpressoide_11.5.0_7232/ide/plugins/com.nxp.mcuxpresso.tools.win32_11.5.0.202107051138/tools/bin/../lib/gcc/arm-none-eabi/10.3.1/../../../../arm-none-eabi/lib/thumb/v7e-m+dp/hard\libcr_c.a(memcpy.o)
                0x6000dbc8                memcpy
 .text.memset   0x6000dbcc        0x4 d:/nxpide/mcuxpressoide_11.5.0_7232/ide/plugins/com.nxp.mcuxpresso.tools.win32_11.5.0.202107051138/tools/bin/../lib/gcc/arm-none-eabi/10.3.1/../../../../arm-none-eabi/lib/thumb/v7e-m+dp/hard\libcr_c.a(memset.o)
                0x6000dbcc                memset
 .text.free     0x6000dbd0       0x30 d:/nxpide/mcuxpressoide_11.5.0_7232/ide/plugins/com.nxp.mcuxpresso.tools.win32_11.5.0.202107051138/tools/bin/../lib/gcc/arm-none-eabi/10.3.1/../../../../arm-none-eabi/lib/thumb/v7e-m+dp/hard\libcr_c.a(alloc.o)
                0x6000dbd0                free
 .text.setvbuf  0x6000dc00       0x3e d:/nxpide/mcuxpressoide_11.5.0_7232/ide/plugins/com.nxp.mcuxpresso.tools.win32_11.5.0.202107051138/tools/bin/../lib/gcc/arm-none-eabi/10.3.1/../../../../arm-none-eabi/lib/thumb/v7e-m+dp/hard\libcr_c.a(setvbuf.o)
                0x6000dc00                setvbuf
 .text.strlen   0x6000dc3e       0x48 d:/nxpide/mcuxpressoide_11.5.0_7232/ide/plugins/com.nxp.mcuxpresso.tools.win32_11.5.0.202107051138/tools/bin/../lib/gcc/arm-none-eabi/10.3.1/../../../../arm-none-eabi/lib/thumb/v7e-m+dp/hard\libcr_c.a(strlen.o)
                0x6000dc3e                strlen
 .text._deferredlazyseek
                0x6000dc86       0x40 d:/nxpide/mcuxpressoide_11.5.0_7232/ide/plugins/com.nxp.mcuxpresso.tools.win32_11.5.0.202107051138/tools/bin/../lib/gcc/arm-none-eabi/10.3.1/../../../../arm-none-eabi/lib/thumb/v7e-m+dp/hard\libcr_c.a(_deferredlazyseek.o)
                0x6000dc86                _deferredlazyseek
 .text._fdopen  0x6000dcc6       0x68 d:/nxpide/mcuxpressoide_11.5.0_7232/ide/plugins/com.nxp.mcuxpresso.tools.win32_11.5.0.202107051138/tools/bin/../lib/gcc/arm-none-eabi/10.3.1/../../../../arm-none-eabi/lib/thumb/v7e-m+dp/hard\libcr_c.a(_fdopen.o)
                0x6000dcc6                _fdopen
 .text._fflush  0x6000dd2e       0x52 d:/nxpide/mcuxpressoide_11.5.0_7232/ide/plugins/com.nxp.mcuxpresso.tools.win32_11.5.0.202107051138/tools/bin/../lib/gcc/arm-none-eabi/10.3.1/../../../../arm-none-eabi/lib/thumb/v7e-m+dp/hard\libcr_c.a(_fflush.o)
                0x6000dd2e                _fflush
 .text.fclose   0x6000dd80       0x58 d:/nxpide/mcuxpressoide_11.5.0_7232/ide/plugins/com.nxp.mcuxpresso.tools.win32_11.5.0.202107051138/tools/bin/../lib/gcc/arm-none-eabi/10.3.1/../../../../arm-none-eabi/lib/thumb/v7e-m+dp/hard\libcr_c.a(fclose.o)
                0x6000dd80                fclose
 .text.remove   0x6000ddd8       0x14 d:/nxpide/mcuxpressoide_11.5.0_7232/ide/plugins/com.nxp.mcuxpresso.tools.win32_11.5.0.202107051138/tools/bin/../lib/gcc/arm-none-eabi/10.3.1/../../../../arm-none-eabi/lib/thumb/v7e-m+dp/hard\libcr_c.a(remove.o)
                0x6000ddd8                remove
 .text._do_fflush
                0x6000ddec       0x40 d:/nxpide/mcuxpressoide_11.5.0_7232/ide/plugins/com.nxp.mcuxpresso.tools.win32_11.5.0.202107051138/tools/bin/../lib/gcc/arm-none-eabi/10.3.1/../../../../arm-none-eabi/lib/thumb/v7e-m+dp/hard\libcr_c.a(_do_fflush.o)
                0x6000ddec                _do_fflush
 .text.__aeabi_division_uldivmod
                0x6000de2c      0x174 d:/nxpide/mcuxpressoide_11.5.0_7232/ide/plugins/com.nxp.mcuxpresso.tools.win32_11.5.0.202107051138/tools/bin/../lib/gcc/arm-none-eabi/10.3.1/thumb/v7e-m+dp/hard\libcr_eabihelpers.a(division_64.o)
                0x6000de2c                __aeabi_uldivmod
                0x6000de30                __bhs_ldivmod1
 .text.__aeabi_division_idiv0
                0x6000dfa0        0x2 d:/nxpide/mcuxpressoide_11.5.0_7232/ide/plugins/com.nxp.mcuxpresso.tools.win32_11.5.0.202107051138/tools/bin/../lib/gcc/arm-none-eabi/10.3.1/thumb/v7e-m+dp/hard\libcr_eabihelpers.a(division_idiv0.o)
                0x6000dfa0                __aeabi_idiv0
 .text.__aeabi_memcpy
                0x6000dfa2       0x34 d:/nxpide/mcuxpressoide_11.5.0_7232/ide/plugins/com.nxp.mcuxpresso.tools.win32_11.5.0.202107051138/tools/bin/../lib/gcc/arm-none-eabi/10.3.1/thumb/v7e-m+dp/hard\libcr_eabihelpers.a(memcpy.o)
                0x6000dfa2                __aeabi_memcpy
                0x6000dfac                __aeabi_memcpy8
                0x6000dfac                __aeabi_memcpy4
 .text.__aeabi_memset_lowlevel
                0x6000dfd6       0x32 d:/nxpide/mcuxpressoide_11.5.0_7232/ide/plugins/com.nxp.mcuxpresso.tools.win32_11.5.0.202107051138/tools/bin/../lib/gcc/arm-none-eabi/10.3.1/thumb/v7e-m+dp/hard\libcr_eabihelpers.a(memcpy.o)
                0x6000dfd6                __aeabi_lowlevel_memset
 .text.__sys_close
                0x6000e008        0x6 d:/nxpide/mcuxpressoide_11.5.0_7232/ide/plugins/com.nxp.mcuxpresso.tools.win32_11.5.0.202107051138/tools/bin/../lib/gcc/arm-none-eabi/10.3.1/../../../../arm-none-eabi/lib/thumb/v7e-m+dp/hard\libcr_nohost_nf.a(__sys_close.o)
                0x6000e008                __sys_close
 .text.__sys_flen
                0x6000e00e        0x6 d:/nxpide/mcuxpressoide_11.5.0_7232/ide/plugins/com.nxp.mcuxpresso.tools.win32_11.5.0.202107051138/tools/bin/../lib/gcc/arm-none-eabi/10.3.1/../../../../arm-none-eabi/lib/thumb/v7e-m+dp/hard\libcr_nohost_nf.a(__sys_flen.o)
                0x6000e00e                __sys_flen
 .text.__sys_istty
                0x6000e014        0x6 d:/nxpide/mcuxpressoide_11.5.0_7232/ide/plugins/com.nxp.mcuxpresso.tools.win32_11.5.0.202107051138/tools/bin/../lib/gcc/arm-none-eabi/10.3.1/../../../../arm-none-eabi/lib/thumb/v7e-m+dp/hard\libcr_nohost_nf.a(__sys_istty.o)
                0x6000e014                __sys_istty
 .text.__sys_remove
                0x6000e01a        0x6 d:/nxpide/mcuxpressoide_11.5.0_7232/ide/plugins/com.nxp.mcuxpresso.tools.win32_11.5.0.202107051138/tools/bin/../lib/gcc/arm-none-eabi/10.3.1/../../../../arm-none-eabi/lib/thumb/v7e-m+dp/hard\libcr_nohost_nf.a(__sys_remove.o)
                0x6000e01a                __sys_remove
 .text.__sys_seek
                0x6000e020        0x6 d:/nxpide/mcuxpressoide_11.5.0_7232/ide/plugins/com.nxp.mcuxpresso.tools.win32_11.5.0.202107051138/tools/bin/../lib/gcc/arm-none-eabi/10.3.1/../../../../arm-none-eabi/lib/thumb/v7e-m+dp/hard\libcr_nohost_nf.a(__sys_seek.o)
                0x6000e020                __sys_seek
 .text.__sys_tmpnam
                0x6000e026        0x6 d:/nxpide/mcuxpressoide_11.5.0_7232/ide/plugins/com.nxp.mcuxpresso.tools.win32_11.5.0.202107051138/tools/bin/../lib/gcc/arm-none-eabi/10.3.1/../../../../arm-none-eabi/lib/thumb/v7e-m+dp/hard\libcr_nohost_nf.a(__sys_tmpnam.o)
                0x6000e026                __sys_tmpnam
 .text.__sys_write
                0x6000e02c        0x4 d:/nxpide/mcuxpressoide_11.5.0_7232/ide/plugins/com.nxp.mcuxpresso.tools.win32_11.5.0.202107051138/tools/bin/../lib/gcc/arm-none-eabi/10.3.1/../../../../arm-none-eabi/lib/thumb/v7e-m+dp/hard\libcr_nohost_nf.a(__sys_write.o)
                0x6000e02c                __sys_write
 *freertos*/tasks.o(SORT_BY_ALIGNMENT(.rodata*))
 .rodata.vTaskStartScheduler.str1.4
                0x6000e030        0x5 ./freertos/freertos_kernel/tasks.o
 *fill*         0x6000e035        0x3 ff
 .rodata.vTaskList.str1.4
                0x6000e038        0xf ./freertos/freertos_kernel/tasks.o
 *fill*         0x6000e047        0x1 ff
 .rodata        0x6000e048       0x1c ./freertos/freertos_kernel/tasks.o
                0x6000e048                portArch_Name
                0x6000e04c                FreeRTOSDebugConfig
 *(SORT_BY_ALIGNMENT(.rodata) SORT_BY_ALIGNMENT(.rodata.*) SORT_BY_ALIGNMENT(.constdata) SORT_BY_ALIGNMENT(.constdata.*))
 .rodata.__assertion_failed.str1.4
                0x6000e064       0x14 ./utilities/fsl_assert.o
 .rodata        0x6000e078        0xc ./usb/phy/usb_phy.o
 .rodata        0x6000e084        0x8 ./usb/device/source/ehci/usb_device_ehci.o
 .rodata.s_UsbDeviceStandardRequest
                0x6000e08c       0x34 ./usb/device/source/usb_device_ch9.o
 .rodata.s_UsbDeviceEhciInterface
                0x6000e0c0       0x18 ./usb/device/source/usb_device_dci.o
 .rodata.USB_DeviceVideoEvent.str1.4
                0x6000e0d8       0x45 ./usb/device/class/video/usb_device_video.o
 *fill*         0x6000e11d        0x3 ff
 .rodata.USB_DeviceVideoDeinit.str1.4
                0x6000e120       0x2c ./usb/device/class/video/usb_device_video.o
 .rodata.s_UsbDeviceClassInterfaceMap
                0x6000e14c       0x20 ./usb/device/class/usb_device_class.o
 .rodata        0x6000e16c        0x3 ./source/virtual_camera.o
 *fill*         0x6000e16f        0x1 ff
 .rodata.USB_DeviceApplicationInit.str1.4
                0x6000e170       0x53 ./source/virtual_camera.o
 *fill*         0x6000e1c3        0x1 ff
 .rodata.main.str1.4
                0x6000e1c4       0x26 ./source/virtual_camera.o
 *fill*         0x6000e1ea        0x2 ff
 .rodata.xTimerCreateTimerTask.str1.4
                0x6000e1ec        0x8 ./freertos/freertos_kernel/timers.o
 .rodata.prvCheckForValidListAndQueue.str1.4
                0x6000e1f4        0x5 ./freertos/freertos_kernel/timers.o
 *fill*         0x6000e1f9        0x3 ff
 .rodata.CLOCK_InitExternalClk.str1.4
                0x6000e1fc       0x21 ./drivers/fsl_clock.o
 *fill*         0x6000e21d        0x3 ff
 .rodata.CLOCK_GetPllFreq.str1.4
                0x6000e220       0x6d ./drivers/fsl_clock.o
 *fill*         0x6000e28d        0x3 ff
 .rodata.g_ccmConfigUsbPll.2
                0x6000e290        0x2 ./drivers/fsl_clock.o
 *fill*         0x6000e292        0x2 ff
 .rodata.enetRefClkFreq.1
                0x6000e294       0x10 ./drivers/fsl_clock.o
 .rodata.SDK_DelayAtLeastUs.str1.4
                0x6000e2a4       0x2b ./drivers/fsl_common_arm.o
 *fill*         0x6000e2cf        0x1 ff
 .rodata.CLOCK_ControlGate.str1.4
                0x6000e2d0       0x20 ./drivers/fsl_lpuart.o
 .rodata.s_lpuartBases
                0x6000e2f0       0x24 ./drivers/fsl_lpuart.o
 .rodata.s_lpuartClock
                0x6000e314       0x12 ./drivers/fsl_lpuart.o
 *fill*         0x6000e326        0x2 ff
 .rodata.LPUART_GetInstance.str1.4
                0x6000e328       0x38 ./drivers/fsl_lpuart.o
 .rodata.LPUART_Init.str1.4
                0x6000e360      0x10a ./drivers/fsl_lpuart.o
 *fill*         0x6000e46a        0x2 ff
 .rodata.LPUART_GetDefaultConfig.str1.4
                0x6000e46c       0x22 ./drivers/fsl_lpuart.o
 *fill*         0x6000e48e        0x2 ff
 .rodata.LPUART_WriteBlocking.str1.4
                0x6000e490       0x20 ./drivers/fsl_lpuart.o
 .rodata.s_LpuartAdapterBase
                0x6000e4b0       0x24 ./component/uart/fsl_adapter_lpuart.o
 .rodata.HAL_UartInit.str1.4
                0x6000e4d4      0x105 ./component/uart/fsl_adapter_lpuart.o
 *fill*         0x6000e5d9        0x3 ff
 .rodata.HAL_UartSendBlocking.str1.4
                0x6000e5dc       0x7b ./component/uart/fsl_adapter_lpuart.o
 *fill*         0x6000e657        0x1 ff
 .rodata.BOARD_ConfigMPU.str1.4
                0x6000e658       0x69 ./board/board.o
 *fill*         0x6000e6c1        0x3 ff
 .rodata.CLOCK_SetMux.str1.4
                0x6000e6c4       0xc6 ./board/clock_config.o
 *fill*         0x6000e78a        0x2 ff
 .rodata.CLOCK_SetDiv.str1.4
                0x6000e78c       0xc6 ./board/clock_config.o
 *fill*         0x6000e852        0x2 ff
 .rodata.CLOCK_ControlGate.str1.4
                0x6000e854       0xb5 ./board/clock_config.o
 *fill*         0x6000e909        0x3 ff
 .rodata.armPllConfig_BOARD_BootClockRUN
                0x6000e90c        0x8 ./board/clock_config.o
                0x6000e90c                armPllConfig_BOARD_BootClockRUN
 .rodata.sysPllConfig_BOARD_BootClockRUN
                0x6000e914       0x14 ./board/clock_config.o
                0x6000e914                sysPllConfig_BOARD_BootClockRUN
 .rodata.CLOCK_ControlGate.str1.4
                0x6000e928       0xb5 ./board/pin_mux.o
 .rodata.__num_Ciob_streams
                0x6000e928        0x4 d:/nxpide/mcuxpressoide_11.5.0_7232/ide/plugins/com.nxp.mcuxpresso.tools.win32_11.5.0.202107051138/tools/bin/../lib/gcc/arm-none-eabi/10.3.1/../../../../arm-none-eabi/lib/thumb/v7e-m+dp/hard\libcr_nohost_nf.a(__ciob.o)
                0x6000e928                __num_Ciob_streams
 .rodata._initio.str1.1
                0x6000e92c        0x4 d:/nxpide/mcuxpressoide_11.5.0_7232/ide/plugins/com.nxp.mcuxpresso.tools.win32_11.5.0.202107051138/tools/bin/../lib/gcc/arm-none-eabi/10.3.1/../../../../arm-none-eabi/lib/thumb/v7e-m+dp/hard\libcr_c.a(initio.o)
                0x6000e9e0                . = ALIGN (0x4)

.glue_7         0x6000e930        0x0
 .glue_7        0x6000e930        0x0 linker stubs

.glue_7t        0x6000e930        0x0
 .glue_7t       0x6000e930        0x0 linker stubs

.vfp11_veneer   0x6000e930        0x0
 .vfp11_veneer  0x6000e930        0x0 linker stubs

.v4_bx          0x6000e930        0x0
 .v4_bx         0x6000e930        0x0 linker stubs

.iplt           0x6000e930        0x0
 .iplt          0x6000e930        0x0 ./xip/fsl_flexspi_nor_boot.o

.rel.dyn        0x6000e930        0x0
 .rel.iplt      0x6000e930        0x0 ./xip/fsl_flexspi_nor_boot.o

.ARM.extab