../usb/device/source/ehci/usb_device_ehci.c:143:13:USB_DeviceEhciSetDefaultState	32	static
../usb/device/source/ehci/usb_device_ehci.c:215:21:USB_DeviceEhciEndpointInit	32	static
../usb/device/source/ehci/usb_device_ehci.c:307:21:USB_DeviceEhciEndpointDeinit	24	static
../usb/device/source/ehci/usb_device_ehci.c:363:21:USB_DeviceEhciEndpointStall	24	static
../usb/device/source/ehci/usb_device_ehci.c:413:21:USB_DeviceEhciEndpointUnstall	24	static
../usb/device/source/ehci/usb_device_ehci.c:452:13:USB_DeviceEhciFillSetupBuffer	24	static
../usb/device/source/ehci/usb_device_ehci.c:489:13:USB_DeviceEhciCancelControlPipe	40	static
../usb/device/source/ehci/usb_device_ehci.c:578:13:USB_DeviceEhciInterruptTokenDone	56	static
../usb/device/source/ehci/usb_device_ehci.c:812:13:USB_DeviceEhciInterruptPortChange	32	static
../usb/device/source/ehci/usb_device_ehci.c:878:13:USB_DeviceEhciInterruptReset	32	static
../usb/device/source/ehci/usb_device_ehci.c:928:13:USB_DeviceEhciInterruptSof	16	static
../usb/device/source/ehci/usb_device_ehci.c:981:21:USB_DeviceEhciTransfer	80	static
../usb/device/source/ehci/usb_device_ehci.c:1188:14:USB_EhciGetValidEhciState	24	static
../usb/device/source/ehci/usb_device_ehci.c:1287:14:USB_DeviceEhciInit	48	static
../usb/device/source/ehci/usb_device_ehci.c:1441:14:USB_DeviceEhciDeinit	24	static
../usb/device/source/ehci/usb_device_ehci.c:1509:14:USB_DeviceEhciSend	24	static
../usb/device/source/ehci/usb_device_ehci.c:1541:14:USB_DeviceEhciRecv	24	static
../usb/device/source/ehci/usb_device_ehci.c:1563:14:USB_DeviceEhciCancel	56	static
../usb/device/source/ehci/usb_device_ehci.c:1705:14:USB_DeviceEhciControl	48	static
../usb/device/source/ehci/usb_device_ehci.c:2003:6:USB_DeviceEhciIsrFunction	32	static
