../usb/device/class/video/usb_device_video.c:86:21:USB_DeviceVideoAllocateHandle	24	static
../usb/device/class/video/usb_device_video.c:114:21:USB_DeviceVideoFreeHandle	24	static
../usb/device/class/video/usb_device_video.c:141:21:USB_DeviceVideoControlIn	32	static
../usb/device/class/video/usb_device_video.c:181:21:USB_DeviceVideoStreamIn	32	static
../usb/device/class/video/usb_device_video.c:221:21:USB_DeviceVideoStreamOut	32	static
../usb/device/class/video/usb_device_video.c:258:21:USB_DeviceVideoStreamEndpointsInit	64	static
../usb/device/class/video/usb_device_video.c:354:21:USB_DeviceVideoStreamEndpointsDeinit	24	static
../usb/device/class/video/usb_device_video.c:382:21:USB_DeviceVideoControlEndpointsInit	64	static
../usb/device/class/video/usb_device_video.c:469:21:USB_DeviceVideoControlEndpointsDeinit	24	static
../usb/device/class/video/usb_device_video.c:498:21:USB_DeviceVideoVcPowerModeControl	32	static
../usb/device/class/video/usb_device_video.c:544:21:USB_DeviceVideoVcInterfaceRequest	24	static
../usb/device/class/video/usb_device_video.c:576:21:USB_DeviceVideoVcCameraTerminalRequest	24	static
../usb/device/class/video/usb_device_video.c:642:21:USB_DeviceVideoVcProcessingUnitRequest	24	static
../usb/device/class/video/usb_device_video.c:708:21:USB_DeviceVideoVcRequest	32	static
../usb/device/class/video/usb_device_video.c:776:21:USB_DeviceVideoVsProbeRequest	32	static
../usb/device/class/video/usb_device_video.c:839:21:USB_DeviceVideoVsCommitRequest	32	static
../usb/device/class/video/usb_device_video.c:890:21:USB_DeviceVideoVsStillProbeRequest	32	static
../usb/device/class/video/usb_device_video.c:950:21:USB_DeviceVideoVsStillCommitRequest	32	static
../usb/device/class/video/usb_device_video.c:1001:21:USB_DeviceVideoVsStillImageTriggerRequest	32	static
../usb/device/class/video/usb_device_video.c:1047:21:USB_DeviceVideoVsRequest	24	static
../usb/device/class/video/usb_device_video.c:1105:14:USB_DeviceVideoEvent	72	static
../usb/device/class/video/usb_device_video.c:1394:14:USB_DeviceVideoInit	32	static
../usb/device/class/video/usb_device_video.c:1439:14:USB_DeviceVideoDeinit	24	static
../usb/device/class/video/usb_device_video.c:1493:14:USB_DeviceVideoSend	32	static
../usb/device/class/video/usb_device_video.c:1539:14:USB_DeviceVideoRecv	32	static
